Archive member included to satisfy reference by file (symbol)

C:/devkitPro/libctru/lib\libctru.a(gfx.o)
                              main.o (gfxSet3D)
C:/devkitPro/libctru/lib\libctru.a(apt.o)
                              main.o (aptMainLoop)
C:/devkitPro/libctru/lib\libctru.a(gspgpu.o)
                              C:/devkitPro/libctru/lib\libctru.a(gfx.o) (gspInit)
C:/devkitPro/libctru/lib\libctru.a(hid.o)
                              main.o (hidScanInput)
C:/devkitPro/libctru/lib\libctru.a(irrst.o)
                              C:/devkitPro/libctru/lib\libctru.a(hid.o) (irrstInit)
C:/devkitPro/libctru/lib\libctru.a(ctru_init.o)
                              C:/devkitPro/libctru/lib\libctru.a(apt.o) (__system_retAddr)
C:/devkitPro/libctru/lib\libctru.a(initArgv.o)
                              C:/devkitPro/libctru/lib\libctru.a(ctru_init.o) (__system_initArgv)
C:/devkitPro/libctru/lib\libctru.a(syscalls.o)
                              C:/devkitPro/libctru/lib\libctru.a(ctru_init.o) (__system_initSyscalls)
C:/devkitPro/libctru/lib\libctru.a(svc.o)
                              C:/devkitPro/libctru/lib\libctru.a(apt.o) (svcSleepThread)
C:/devkitPro/libctru/lib\libctru.a(stack_adjust.o)
                              C:/devkitPro/devkitARM/bin/../lib/gcc/arm-none-eabi/15.1.0/../../../../arm-none-eabi/lib/armv6k/fpu/3dsx_crt0.o (initSystem)
C:/devkitPro/libctru/lib\libctru.a(linear.o)
                              C:/devkitPro/libctru/lib\libctru.a(gfx.o) (linearAlloc)
C:/devkitPro/libctru/lib\libctru.a(mem_pool.o)
                              C:/devkitPro/libctru/lib\libctru.a(linear.o) (MemPool::Allocate(MemChunk&, unsigned long, int))
C:/devkitPro/libctru/lib\libctru.a(vram.o)
                              C:/devkitPro/libctru/lib\libctru.a(gfx.o) (vramAlloc)
C:/devkitPro/libctru/lib\libctru.a(3dslink.o)
                              C:/devkitPro/libctru/lib\libctru.a(initArgv.o) (__3dslink_host)
C:/devkitPro/libctru/lib\libctru.a(env.o)
                              C:/devkitPro/libctru/lib\libctru.a(irrst.o) (envGetHandle)
C:/devkitPro/libctru/lib\libctru.a(os.o)
                              C:/devkitPro/libctru/lib\libctru.a(syscalls.o) (osGetTime)
C:/devkitPro/libctru/lib\libctru.a(srv.o)
                              C:/devkitPro/libctru/lib\libctru.a(apt.o) (srvInit)
C:/devkitPro/libctru/lib\libctru.a(synchronization.o)
                              C:/devkitPro/libctru/lib\libctru.a(ctru_init.o) (__sync_init)
C:/devkitPro/libctru/lib\libctru.a(thread.o)
                              C:/devkitPro/libctru/lib\libctru.a(apt.o) (threadCreate)
C:/devkitPro/libctru/lib\libctru.a(mappable.o)
                              C:/devkitPro/libctru/lib\libctru.a(apt.o) (mappableAlloc)
C:/devkitPro/libctru/lib\libctru.a(ptmsysm.o)
                              C:/devkitPro/libctru/lib\libctru.a(os.o) (ptmSysmInit)
C:/devkitPro/libctru/lib\libctru.a(srvpm.o)
                              C:/devkitPro/libctru/lib\libctru.a(srv.o) (srvPmGetSessionHandle)
C:/devkitPro/libctru/lib\libctru.a(soc_connect.o)
                              C:/devkitPro/libctru/lib\libctru.a(3dslink.o) (connect)
C:/devkitPro/libctru/lib\libctru.a(soc_socket.o)
                              C:/devkitPro/libctru/lib\libctru.a(3dslink.o) (socket)
C:/devkitPro/libctru/lib\libctru.a(rbtree_find.o)
                              C:/devkitPro/libctru/lib\libctru.a(linear.o) (rbtree_find)
C:/devkitPro/libctru/lib\libctru.a(rbtree_init.o)
                              C:/devkitPro/libctru/lib\libctru.a(linear.o) (rbtree_init)
C:/devkitPro/libctru/lib\libctru.a(rbtree_insert.o)
                              C:/devkitPro/libctru/lib\libctru.a(linear.o) (rbtree_insert)
C:/devkitPro/libctru/lib\libctru.a(rbtree_remove.o)
                              C:/devkitPro/libctru/lib\libctru.a(linear.o) (rbtree_remove)
C:/devkitPro/libctru/lib\libctru.a(rbtree_rotate.o)
                              C:/devkitPro/libctru/lib\libctru.a(rbtree_insert.o) (rbtree_rotate)
C:/devkitPro/libctru/lib\libctru.a(allocateHeaps.o)
                              C:/devkitPro/libctru/lib\libctru.a(ctru_init.o) (__system_allocateHeaps)
C:/devkitPro/libctru/lib\libctru.a(appExit.o)
                              C:/devkitPro/libctru/lib\libctru.a(stack_adjust.o) (__appExit)
C:/devkitPro/libctru/lib\libctru.a(appInit.o)
                              C:/devkitPro/libctru/lib\libctru.a(stack_adjust.o) (__appInit)
C:/devkitPro/libctru/lib\libctru.a(ctru_exit.o)
                              C:/devkitPro/libctru/lib\libctru.a(stack_adjust.o) (__libctru_exit)
C:/devkitPro/libctru/lib\libctru.a(archive_dev.o)
                              C:/devkitPro/libctru/lib\libctru.a(appInit.o) (archiveMountSdmc)
C:/devkitPro/libctru/lib\libctru.a(path_buf.o)
                              C:/devkitPro/libctru/lib\libctru.a(archive_dev.o) (__ctru_dev_utf16_buf)
C:/devkitPro/libctru/lib\libctru.a(fs.o)
                              C:/devkitPro/libctru/lib\libctru.a(appInit.o) (fsInit)
[...]
Memory Configuration

Name             Origin             Length             Attributes
*default*        0x00000000         0xffffffff

Linker script and memory map

                0x00000000                        __sync_synchronize = __sync_synchronize_dmb
                0x00100000                        PROVIDE (__start__ = 0x100000)
                0x00100000                        . = __start__

.text           0x00100000    0x1ccd0
 *(.crt0)
 .crt0          0x00100000       0x94 C:/devkitPro/devkitARM/bin/../lib/gcc/arm-none-eabi/15.1.0/../../../../arm-none-eabi/lib/armv6k/fpu/3dsx_crt0.o
                0x00100000                _start
                0x00100008                __service_ptr
                0x0010000c                __apt_appid
                0x00100010                __heap_size
                0x00100014                __linear_heap_size
                0x00100018                __system_arglist
                0x0010001c                __system_runflags
 *(.init)
 .init          0x00100094        0xc C:/devkitPro/devkitARM/bin/../lib/gcc/arm-none-eabi/15.1.0/armv6k/fpu/crti.o
                0x00100094                _init
 .init          0x001000a0        0xc C:/devkitPro/devkitARM/bin/../lib/gcc/arm-none-eabi/15.1.0/armv6k/fpu/crtn.o
                0x001000ac                        . = ALIGN (0x4)
 *(.text)
 .text          0x001000ac      0x240 C:/devkitPro/devkitARM/bin/../lib/gcc/arm-none-eabi/15.1.0/armv6k/fpu\libgcc.a(_divsi3.o)
                0x001000ac                __divsi3
                0x001000ac                __aeabi_idiv
                0x001002cc                __aeabi_idivmod
 .text          0x001002ec        0x4 C:/devkitPro/devkitARM/bin/../lib/gcc/arm-none-eabi/15.1.0/armv6k/fpu\libgcc.a(_dvmd_tls.o)
                0x001002ec                __aeabi_idiv0
                0x001002ec                __aeabi_ldiv0
 .text          0x001002f0       0xd4 C:/devkitPro/devkitARM/bin/../lib/gcc/arm-none-eabi/15.1.0/armv6k/fpu\libgcc.a(_aeabi_ldivmod.o)
                0x001002f0                __aeabi_ldivmod
 .text          0x001003c4       0x3c C:/devkitPro/devkitARM/bin/../lib/gcc/arm-none-eabi/15.1.0/armv6k/fpu\libgcc.a(_aeabi_uldivmod.o)
                0x001003c4                __aeabi_uldivmod
 .text          0x00100400      0x390 C:/devkitPro/devkitARM/bin/../lib/gcc/arm-none-eabi/15.1.0/../../../../arm-none-eabi/lib/armv6k/fpu\libg.a(libc_a-strcmp.o)
                0x00100408                strcmp
 .text          0x00100790      0x20c C:/devkitPro/devkitARM/bin/../lib/gcc/arm-none-eabi/15.1.0/armv6k/fpu\libgcc.a(_udivsi3.o)
                0x00100790                __aeabi_uidiv
                0x00100790                __udivsi3
                0x0010097c                __aeabi_uidivmod
 *(.text.*)
 .text.__do_global_dtors_aux
                0x0010099c       0x50 C:/devkitPro/devkitARM/bin/../lib/gcc/arm-none-eabi/15.1.0/armv6k/fpu/crtbegin.o
 .text.frame_dummy
                0x001009ec       0x2c C:/devkitPro/devkitARM/bin/../lib/gcc/arm-none-eabi/15.1.0/armv6k/fpu/crtbegin.o
 .text.scratchAt.part.0
                0x00100a18      0x180 main.o
 .text.drawChar.part.0
                0x00100b98       0xe4 main.o
 .text.pushUndo
                0x00100c7c       0x80 main.o
                0x00100c7c                pushUndo
 .text.undo     0x00100cfc       0x84 main.o
                0x00100cfc                undo
 .text.redo     0x00100d80       0x84 main.o
                0x00100d80                redo
 .text.generateCheckerboard
                0x00100e04      0x130 main.o
                0x00100e04                generateCheckerboard
 .text.generateRotatedCheckerboard
                0x00100f34      0x110 main.o
                0x00100f34                generateRotatedCheckerboard
 .text.compositeImage
                0x00101044       0x88 main.o
                0x00101044                compositeImage
 .text.drawLine
                0x001010cc       0xa4 main.o
                0x001010cc                drawLine
 .text.drawInstructions
                0x00101170      0x5e8 main.o
                0x00101170                drawInstructions
 .text.saveScreenshot
                0x00101758      0x240 main.o
                0x00101758                saveScreenshot
 .text.startup.main
                0x00101998      0x574 main.o
                0x00101998                main
 .text.gfxPresentFramebuffer
                0x00101f0c       0xcc C:/devkitPro/libctru/lib\libctru.a(gfx.o)
 .text.gfxSet3D
                0x00101fd8       0x10 C:/devkitPro/libctru/lib\libctru.a(gfx.o)
                0x00101fd8                gfxSet3D
 .text.gfxSetScreenFormat
                0x00101fe8       0xf8 C:/devkitPro/libctru/lib\libctru.a(gfx.o)
                0x00101fe8                gfxSetScreenFormat
 .text.gfxInit  0x001020e0       0xd8 C:/devkitPro/libctru/lib\libctru.a(gfx.o)
                0x001020e0                gfxInit
 .text.gfxInitDefault
                0x001021b8       0x10 C:/devkitPro/libctru/lib\libctru.a(gfx.o)
                0x001021b8                gfxInitDefault
 .text.gfxExit  0x001021c8       0xb8 C:/devkitPro/libctru/lib\libctru.a(gfx.o)
                0x001021c8                gfxExit
 .text.gfxGetFramebuffer
                0x00102280       0xa0 C:/devkitPro/libctru/lib\libctru.a(gfx.o)
                0x00102280                gfxGetFramebuffer
 .text.gfxFlushBuffers
                0x00102320      0x100 C:/devkitPro/libctru/lib\libctru.a(gfx.o)
                0x00102320                gfxFlushBuffers
 .text.gfxSwapBuffers
                0x00102420       0x50 C:/devkitPro/libctru/lib\libctru.a(gfx.o)
                0x00102420                gfxSwapBuffers
 .text.aptConvertScreenForCapture
                0x00102470      0x180 C:/devkitPro/libctru/lib\libctru.a(apt.o)
 .text.aptDspSleep
                0x001025f0        0x8 C:/devkitPro/libctru/lib\libctru.a(apt.o)
                0x001025f0                aptDspSleep
 .text.aptDspWakeup
                0x001025f8        0x4 C:/devkitPro/libctru/lib\libctru.a(apt.o)
                0x001025f8                aptDspWakeup
 .text.aptDspCancel
                0x001025fc        0x4 C:/devkitPro/libctru/lib\libctru.a(apt.o)
                0x001025fc                aptDspCancel
 .text.aptSendCommand
                0x00102600      0x138 C:/devkitPro/libctru/lib\libctru.a(apt.o)
                0x00102600                aptSendCommand
 .text.aptExitProcess
                0x00102738       0x44 C:/devkitPro/libctru/lib\libctru.a(apt.o)
 .text.aptExit  0x0010277c      0x394 C:/devkitPro/libctru/lib\libctru.a(apt.o)
                0x0010277c                aptExit
 .text.aptHandleSleep
                0x00102b10       0xd8 C:/devkitPro/libctru/lib\libctru.a(apt.o)
                0x00102b10                aptHandleSleep
 .text.APT_SleepIfShellClosed
                0x00102be8       0x84 C:/devkitPro/libctru/lib\libctru.a(apt.o)
                0x00102be8                APT_SleepIfShellClosed
 .text.aptSetSleepAllowed
                0x00102c6c       0x78 C:/devkitPro/libctru/lib\libctru.a(apt.o)
                0x00102c6c                aptSetSleepAllowed
 .text.APT_UnlockTransition
                0x00102ce4       0x84 C:/devkitPro/libctru/lib\libctru.a(apt.o)
                0x00102ce4                APT_UnlockTransition
 .text.aptEventHandler
                0x00102d68      0x470 C:/devkitPro/libctru/lib\libctru.a(apt.o)
 .text.APT_ReceiveParameter
                0x001031d8       0xbc C:/devkitPro/libctru/lib\libctru.a(apt.o)
                0x001031d8                APT_ReceiveParameter
 .text.aptReceiveParameter.constprop.0
                0x00103294       0xb0 C:/devkitPro/libctru/lib\libctru.a(apt.o)
 *fill*         0x00103344        0x4 
 .text.aptScreenTransfer
                0x00103348      0x294 C:/devkitPro/libctru/lib\libctru.a(apt.o)
 .text.aptWaitForWakeUp.isra.0
                0x001035dc      0x2d0 C:/devkitPro/libctru/lib\libctru.a(apt.o)
 .text.aptJumpToHomeMenu
                0x001038ac       0xf4 C:/devkitPro/libctru/lib\libctru.a(apt.o)
                0x001038ac                aptJumpToHomeMenu
 .text.aptMainLoop
                0x001039a0       0x58 C:/devkitPro/libctru/lib\libctru.a(apt.o)
                0x001039a0                aptMainLoop
 .text.aptInit  0x001039f8      0x240 C:/devkitPro/libctru/lib\libctru.a(apt.o)
                0x001039f8                aptInit
 .text.APT_CheckNew3DS
                0x00103c38       0x90 C:/devkitPro/libctru/lib\libctru.a(apt.o)
                0x00103c38                APT_CheckNew3DS
 .text.gspHardwareInit
                0x00103cc8      0xc70 C:/devkitPro/libctru/lib\libctru.a(gspgpu.o)
 .text.gspInit  0x00104938      0x280 C:/devkitPro/libctru/lib\libctru.a(gspgpu.o)
                0x00104938                gspInit
 .text.gspExit  0x00104bb8      0x110 C:/devkitPro/libctru/lib\libctru.a(gspgpu.o)
                0x00104bb8                gspExit
 .text.gspHasGpuRight
                0x00104cc8       0x10 C:/devkitPro/libctru/lib\libctru.a(gspgpu.o)
                0x00104cc8                gspHasGpuRight
 .text.gspPresentBuffer
                0x00104cd8       0xa4 C:/devkitPro/libctru/lib\libctru.a(gspgpu.o)
                0x00104cd8                gspPresentBuffer
 .text.gspWaitForEvent
                0x00104d7c       0x50 C:/devkitPro/libctru/lib\libctru.a(gspgpu.o)
                0x00104d7c                gspWaitForEvent
 .text.gxCmdQueueInterrupt
                0x00104dcc        0x4 C:/devkitPro/libctru/lib\libctru.a(gspgpu.o)
                0x00104dcc                gxCmdQueueInterrupt
 .text.gspEventThreadMain
                0x00104dd0      0x154 C:/devkitPro/libctru/lib\libctru.a(gspgpu.o)
 .text.GSPGPU_FlushDataCache
                0x00104f24       0x50 C:/devkitPro/libctru/lib\libctru.a(gspgpu.o)
                0x00104f24                GSPGPU_FlushDataCache
 .text.GSPGPU_SetLcdForceBlack
                0x00104f74       0x34 C:/devkitPro/libctru/lib\libctru.a(gspgpu.o)
                0x00104f74                GSPGPU_SetLcdForceBlack
 .text.GSPGPU_AcquireRight
                0x00104fa8       0x80 C:/devkitPro/libctru/lib\libctru.a(gspgpu.o)
                0x00104fa8                GSPGPU_AcquireRight
 .text.GSPGPU_ReleaseRight
                0x00105028       0x5c C:/devkitPro/libctru/lib\libctru.a(gspgpu.o)
                0x00105028                GSPGPU_ReleaseRight
 .text.GSPGPU_ImportDisplayCaptureInfo
                0x00105084       0x7c C:/devkitPro/libctru/lib\libctru.a(gspgpu.o)
                0x00105084                GSPGPU_ImportDisplayCaptureInfo
 .text.GSPGPU_SaveVramSysArea
                0x00105100       0x2c C:/devkitPro/libctru/lib\libctru.a(gspgpu.o)
                0x00105100                GSPGPU_SaveVramSysArea
 .text.GSPGPU_RestoreVramSysArea
                0x0010512c       0x2c C:/devkitPro/libctru/lib\libctru.a(gspgpu.o)
                0x0010512c                GSPGPU_RestoreVramSysArea
 .text.hidShouldUseIrrst
                0x00105158       0x24 C:/devkitPro/libctru/lib\libctru.a(hid.o)
                0x00105158                hidShouldUseIrrst
 .text.hidInit  0x0010517c      0x1cc C:/devkitPro/libctru/lib\libctru.a(hid.o)
                0x0010517c                hidInit
 .text.hidExit  0x00105348       0xe8 C:/devkitPro/libctru/lib\libctru.a(hid.o)
                0x00105348                hidExit
 .text.hidScanInput
                0x00105430      0x2a0 C:/devkitPro/libctru/lib\libctru.a(hid.o)
                0x00105430                hidScanInput
 .text.hidKeysHeld
                0x001056d0       0x10 C:/devkitPro/libctru/lib\libctru.a(hid.o)
                0x001056d0                hidKeysHeld
 .text.hidKeysDown
                0x001056e0       0x10 C:/devkitPro/libctru/lib\libctru.a(hid.o)
                0x001056e0                hidKeysDown
 .text.hidTouchRead
                0x001056f0       0x18 C:/devkitPro/libctru/lib\libctru.a(hid.o)
                0x001056f0                hidTouchRead
 .text.hidCircleRead
                0x00105708       0x18 C:/devkitPro/libctru/lib\libctru.a(hid.o)
                0x00105708                hidCircleRead
 .text.irrstInit
                0x00105720      0x1a4 C:/devkitPro/libctru/lib\libctru.a(irrst.o)
                0x00105720                irrstInit
 .text.irrstExit
                0x001058c4       0xdc C:/devkitPro/libctru/lib\libctru.a(irrst.o)
                0x001058c4                irrstExit
 .text.irrstScanInput
                0x001059a0       0xb4 C:/devkitPro/libctru/lib\libctru.a(irrst.o)
                0x001059a0                irrstScanInput
 .text.irrstKeysHeld
                0x00105a54       0x24 C:/devkitPro/libctru/lib\libctru.a(irrst.o)
                0x00105a54                irrstKeysHeld
 .text.__libctru_init
                0x00105a78       0x38 C:/devkitPro/libctru/lib\libctru.a(ctru_init.o)
                0x00105a78                __libctru_init
 .text.__system_initArgv
                0x00105ab0      0x16c C:/devkitPro/libctru/lib\libctru.a(initArgv.o)
                0x00105ab0                __system_initArgv
 .text.__syscall_getreent
                0x00105c1c       0x30 C:/devkitPro/libctru/lib\libctru.a(syscalls.o)
                0x00105c1c                __syscall_getreent
 .text.__syscall_gettod_r
                0x00105c4c       0x64 C:/devkitPro/libctru/lib\libctru.a(syscalls.o)
                0x00105c4c                __syscall_gettod_r
 .text.__syscall_lock_acquire
                0x00105cb0        0x4 C:/devkitPro/libctru/lib\libctru.a(syscalls.o)
                0x00105cb0                __syscall_lock_acquire
 .text.__syscall_lock_release
                0x00105cb4        0x4 C:/devkitPro/libctru/lib\libctru.a(syscalls.o)
                0x00105cb4                __syscall_lock_release
 .text.__syscall_lock_acquire_recursive
                0x00105cb8        0x4 C:/devkitPro/libctru/lib\libctru.a(syscalls.o)
                0x00105cb8                __syscall_lock_acquire_recursive
 .text.__syscall_lock_release_recursive
                0x00105cbc        0x4 C:/devkitPro/libctru/lib\libctru.a(syscalls.o)
                0x00105cbc                __syscall_lock_release_recursive
 .text.__syscall_exit
                0x00105cc0        0x4 C:/devkitPro/libctru/lib\libctru.a(syscalls.o)
                0x00105cc0                __syscall_exit
 .text.initThreadVars
                0x00105cc4       0x54 C:/devkitPro/libctru/lib\libctru.a(syscalls.o)
                0x00105cc4                initThreadVars
 .text.__system_initSyscalls
                0x00105d18       0x80 C:/devkitPro/libctru/lib\libctru.a(syscalls.o)
                0x00105d18                __system_initSyscalls
 .text.svcControlMemory
                0x00105d98       0x20 C:/devkitPro/libctru/lib\libctru.a(svc.o)
                0x00105d98                svcControlMemory
 .text.svcQueryMemory
                0x00105db8       0x30 C:/devkitPro/libctru/lib\libctru.a(svc.o)
                0x00105db8                svcQueryMemory
 .text.svcExitProcess
                0x00105de8        0x8 C:/devkitPro/libctru/lib\libctru.a(svc.o)
                0x00105de8                svcExitProcess
 .text.svcCreateThread
                0x00105df0       0x20 C:/devkitPro/libctru/lib\libctru.a(svc.o)
                0x00105df0                svcCreateThread
 .text.svcExitThread
                0x00105e10        0x8 C:/devkitPro/libctru/lib\libctru.a(svc.o)
                0x00105e10                svcExitThread
 .text.svcSleepThread
                0x00105e18        0x8 C:/devkitPro/libctru/lib\libctru.a(svc.o)
                0x00105e18                svcSleepThread
 .text.svcReleaseMutex
                0x00105e20        0x8 C:/devkitPro/libctru/lib\libctru.a(svc.o)
                0x00105e20                svcReleaseMutex
 .text.svcCreateEvent
                0x00105e28       0x14 C:/devkitPro/libctru/lib\libctru.a(svc.o)
                0x00105e28                svcCreateEvent
 .text.svcSignalEvent
                0x00105e3c        0x8 C:/devkitPro/libctru/lib\libctru.a(svc.o)
                0x00105e3c                svcSignalEvent
 .text.svcClearEvent
                0x00105e44        0x8 C:/devkitPro/libctru/lib\libctru.a(svc.o)
                0x00105e44                svcClearEvent
 .text.svcMapMemoryBlock
                0x00105e4c        0x8 C:/devkitPro/libctru/lib\libctru.a(svc.o)
                0x00105e4c                svcMapMemoryBlock
 .text.svcUnmapMemoryBlock
                0x00105e54        0x8 C:/devkitPro/libctru/lib\libctru.a(svc.o)
                0x00105e54                svcUnmapMemoryBlock
 .text.svcCreateAddressArbiter
                0x00105e5c       0x14 C:/devkitPro/libctru/lib\libctru.a(svc.o)
                0x00105e5c                svcCreateAddressArbiter
 .text.svcArbitrateAddressNoTimeout
                0x00105e70        0x8 C:/devkitPro/libctru/lib\libctru.a(svc.o)
                0x00105e70                svcArbitrateAddressNoTimeout
 .text.svcCloseHandle
                0x00105e78        0x8 C:/devkitPro/libctru/lib\libctru.a(svc.o)
                0x00105e78                svcCloseHandle
 .text.svcWaitSynchronization
                0x00105e80        0x8 C:/devkitPro/libctru/lib\libctru.a(svc.o)
                0x00105e80                svcWaitSynchronization
 .text.svcWaitSynchronizationN
                0x00105e88       0x28 C:/devkitPro/libctru/lib\libctru.a(svc.o)
                0x00105e88                svcWaitSynchronizationN
 .text.svcDuplicateHandle
                0x00105eb0       0x14 C:/devkitPro/libctru/lib\libctru.a(svc.o)
                0x00105eb0                svcDuplicateHandle
 .text.svcGetSystemTick
                0x00105ec4        0x8 C:/devkitPro/libctru/lib\libctru.a(svc.o)
                0x00105ec4                svcGetSystemTick
 .text.svcConnectToPort
                0x00105ecc       0x14 C:/devkitPro/libctru/lib\libctru.a(svc.o)
                0x00105ecc                svcConnectToPort
 .text.svcSendSyncRequest
                0x00105ee0        0x8 C:/devkitPro/libctru/lib\libctru.a(svc.o)
                0x00105ee0                svcSendSyncRequest
 .text.svcGetResourceLimit
                0x00105ee8       0x14 C:/devkitPro/libctru/lib\libctru.a(svc.o)
                0x00105ee8                svcGetResourceLimit
 .text.svcGetResourceLimitLimitValues
                0x00105efc        0x8 C:/devkitPro/libctru/lib\libctru.a(svc.o)
                0x00105efc                svcGetResourceLimitLimitValues
 .text.svcGetResourceLimitCurrentValues
                0x00105f04        0x8 C:/devkitPro/libctru/lib\libctru.a(svc.o)
                0x00105f04                svcGetResourceLimitCurrentValues
 .text.svcBreak
                0x00105f0c        0x8 C:/devkitPro/libctru/lib\libctru.a(svc.o)
                0x00105f0c                svcBreak
 .text.initSystem
                0x00105f14       0x50 C:/devkitPro/libctru/lib\libctru.a(stack_adjust.o)
                0x00105f14                initSystem
 .text.__ctru_exit
                0x00105f64       0x14 C:/devkitPro/libctru/lib\libctru.a(stack_adjust.o)
                0x00105f64                __ctru_exit
 .text._ZL21addrMapNodeComparatorPK11rbtree_nodeS1_
                0x00105f78       0x24 C:/devkitPro/libctru/lib\libctru.a(linear.o)
 .text._ZL21addrMapNodeDestructorP11rbtree_node
                0x00105f9c        0x4 C:/devkitPro/libctru/lib\libctru.a(linear.o)
 .text.linearMemAlign
                0x00105fa0      0x12c C:/devkitPro/libctru/lib\libctru.a(linear.o)
                0x00105fa0                linearMemAlign
 .text.linearAlloc
                0x001060cc        0x8 C:/devkitPro/libctru/lib\libctru.a(linear.o)
                0x001060cc                linearAlloc
 .text.linearFree
                0x001060d4       0x5c C:/devkitPro/libctru/lib\libctru.a(linear.o)
                0x001060d4                linearFree
 .text._ZN7MemPool13CoalesceRightEP8MemBlock
                0x00106130       0x88 C:/devkitPro/libctru/lib\libctru.a(mem_pool.o)
                0x00106130                MemPool::CoalesceRight(MemBlock*)
 .text._ZN7MemPool8AllocateER8MemChunkmi
                0x001061b8      0x178 C:/devkitPro/libctru/lib\libctru.a(mem_pool.o)
                0x001061b8                MemPool::Allocate(MemChunk&, unsigned long, int)
 .text._ZN7MemPool10DeallocateERK8MemChunk
                0x00106330      0x118 C:/devkitPro/libctru/lib\libctru.a(mem_pool.o)
                0x00106330                MemPool::Deallocate(MemChunk const&)
 .text._ZN7MemPool12GetFreeSpaceEv
                0x00106448       0x30 C:/devkitPro/libctru/lib\libctru.a(mem_pool.o)
                0x00106448                MemPool::GetFreeSpace()
 .text._ZL21addrMapNodeComparatorPK11rbtree_nodeS1_
                0x00106478       0x24 C:/devkitPro/libctru/lib\libctru.a(vram.o)
 .text._ZL21addrMapNodeDestructorP11rbtree_node
                0x0010649c        0x4 C:/devkitPro/libctru/lib\libctru.a(vram.o)
 .text.vramMemAlignAt
                0x001064a0      0x248 C:/devkitPro/libctru/lib\libctru.a(vram.o)
                0x001064a0                vramMemAlignAt
 .text.vramAlloc
                0x001066e8        0xc C:/devkitPro/libctru/lib\libctru.a(vram.o)
                0x001066e8                vramAlloc
 .text.vramFree
                0x001066f4       0x94 C:/devkitPro/libctru/lib\libctru.a(vram.o)
                0x001066f4                vramFree
 .text.envGetHandle
                0x00106788       0x8c C:/devkitPro/libctru/lib\libctru.a(env.o)
                0x00106788                envGetHandle
 .text.envDestroyHandles
                0x00106814       0x50 C:/devkitPro/libctru/lib\libctru.a(env.o)
                0x00106814                envDestroyHandles
 .text.osGetTimeRef
                0x00106864       0x54 C:/devkitPro/libctru/lib\libctru.a(os.o)
                0x00106864                osGetTimeRef
 .text.osGetTime
                0x001068b8       0xec C:/devkitPro/libctru/lib\libctru.a(os.o)
                0x001068b8                osGetTime
 .text.__ctru_speedup_config
                0x001069a4       0x34 C:/devkitPro/libctru/lib\libctru.a(os.o)
                0x001069a4                __ctru_speedup_config
 .text.srvInit  0x001069d8      0x164 C:/devkitPro/libctru/lib\libctru.a(srv.o)
                0x001069d8                srvInit
 .text.srvExit  0x00106b3c       0x64 C:/devkitPro/libctru/lib\libctru.a(srv.o)
                0x00106b3c                srvExit
 .text.srvEnableNotification
                0x00106ba0       0x60 C:/devkitPro/libctru/lib\libctru.a(srv.o)
                0x00106ba0                srvEnableNotification
 .text.srvGetServiceHandleDirect
                0x00106c00       0xa0 C:/devkitPro/libctru/lib\libctru.a(srv.o)
                0x00106c00                srvGetServiceHandleDirect
 .text.srvGetServiceHandle
                0x00106ca0       0x48 C:/devkitPro/libctru/lib\libctru.a(srv.o)
                0x00106ca0                srvGetServiceHandle
 .text.srvSubscribe
                0x00106ce8       0x34 C:/devkitPro/libctru/lib\libctru.a(srv.o)
                0x00106ce8                srvSubscribe
 .text.srvReceiveNotification
                0x00106d1c       0x60 C:/devkitPro/libctru/lib\libctru.a(srv.o)
                0x00106d1c                srvReceiveNotification
 .text.srvPublishToSubscriber
                0x00106d7c       0x38 C:/devkitPro/libctru/lib\libctru.a(srv.o)
                0x00106d7c                srvPublishToSubscriber
 .text.__sync_init
                0x00106db4        0xc C:/devkitPro/libctru/lib\libctru.a(synchronization.o)
                0x00106db4                __sync_init
 .text.__sync_fini
                0x00106dc0       0x18 C:/devkitPro/libctru/lib\libctru.a(synchronization.o)
                0x00106dc0                __sync_fini
 .text.syncArbitrateAddress
                0x00106dd8       0x28 C:/devkitPro/libctru/lib\libctru.a(synchronization.o)
                0x00106dd8                syncArbitrateAddress
 .text.LightLock_Lock
                0x00106e00       0xac C:/devkitPro/libctru/lib\libctru.a(synchronization.o)
                0x00106e00                LightLock_Lock
 .text.LightLock_Unlock
                0x00106eac       0x40 C:/devkitPro/libctru/lib\libctru.a(synchronization.o)
                0x00106eac                LightLock_Unlock
 .text.RecursiveLock_Lock
                0x00106eec       0x54 C:/devkitPro/libctru/lib\libctru.a(synchronization.o)
                0x00106eec                RecursiveLock_Lock
 .text.RecursiveLock_Unlock
                0x00106f40       0x54 C:/devkitPro/libctru/lib\libctru.a(synchronization.o)
                0x00106f40                RecursiveLock_Unlock
 .text.LightEvent_Init
                0x00106f94       0x44 C:/devkitPro/libctru/lib\libctru.a(synchronization.o)
                0x00106f94                LightEvent_Init
 .text.LightEvent_Clear
                0x00106fd8       0xb8 C:/devkitPro/libctru/lib\libctru.a(synchronization.o)
                0x00106fd8                LightEvent_Clear
 .text.LightEvent_Signal
                0x00107090       0xdc C:/devkitPro/libctru/lib\libctru.a(synchronization.o)
                0x00107090                LightEvent_Signal
 .text.LightEvent_TryWait
                0x0010716c       0x50 C:/devkitPro/libctru/lib\libctru.a(synchronization.o)
                0x0010716c                LightEvent_TryWait
 .text.LightEvent_Wait
                0x001071bc       0xac C:/devkitPro/libctru/lib\libctru.a(synchronization.o)
                0x001071bc                LightEvent_Wait
 .text.threadCreate
                0x00107268      0x1fc C:/devkitPro/libctru/lib\libctru.a(thread.o)
                0x00107268                threadCreate
 .text.threadFree
                0x00107464       0x38 C:/devkitPro/libctru/lib\libctru.a(thread.o)
                0x00107464                threadFree
 .text.threadJoin
                0x0010749c       0x24 C:/devkitPro/libctru/lib\libctru.a(thread.o)
                0x0010749c                threadJoin
 .text.threadGetCurrent
                0x001074c0       0x30 C:/devkitPro/libctru/lib\libctru.a(thread.o)
                0x001074c0                threadGetCurrent
 .text.threadExit
                0x001074f0       0x40 C:/devkitPro/libctru/lib\libctru.a(thread.o)
                0x001074f0                threadExit
 .text._thread_begin
                0x00107530       0x20 C:/devkitPro/libctru/lib\libctru.a(thread.o)
 .text.mappableFindAddressWithin
                0x00107550       0x90 C:/devkitPro/libctru/lib\libctru.a(mappable.o)
 .text.mappableInit
                0x001075e0       0x28 C:/devkitPro/libctru/lib\libctru.a(mappable.o)
                0x001075e0                mappableInit
 .text.mappableAlloc
                0x00107608       0x7c C:/devkitPro/libctru/lib\libctru.a(mappable.o)
                0x00107608                mappableAlloc
 .text.mappableFree
                0x00107684        0x4 C:/devkitPro/libctru/lib\libctru.a(mappable.o)
                0x00107684                mappableFree
 .text.ptmSysmInit
                0x00107688       0x78 C:/devkitPro/libctru/lib\libctru.a(ptmsysm.o)
                0x00107688                ptmSysmInit
 .text.ptmSysmExit
                0x00107700       0x3c C:/devkitPro/libctru/lib\libctru.a(ptmsysm.o)
                0x00107700                ptmSysmExit
 .text.PTMSYSM_ConfigureNew3DSCPU
                0x0010773c       0x34 C:/devkitPro/libctru/lib\libctru.a(ptmsysm.o)
                0x0010773c                PTMSYSM_ConfigureNew3DSCPU
 .text.srvPmGetSessionHandle
                0x00107770        0xc C:/devkitPro/libctru/lib\libctru.a(srvpm.o)
                0x00107770                srvPmGetSessionHandle
 .text.rbtree_find
                0x0010777c       0x74 C:/devkitPro/libctru/lib\libctru.a(rbtree_find.o)
                0x0010777c                rbtree_find
 .text.rbtree_init
                0x001077f0       0x10 C:/devkitPro/libctru/lib\libctru.a(rbtree_init.o)
                0x001077f0                rbtree_init
 .text.do_insert
                0x00107800      0x198 C:/devkitPro/libctru/lib\libctru.a(rbtree_insert.o)
 .text.rbtree_insert
                0x00107998        0x8 C:/devkitPro/libctru/lib\libctru.a(rbtree_insert.o)
                0x00107998                rbtree_insert
 .text.rbtree_remove
                0x001079a0      0x310 C:/devkitPro/libctru/lib\libctru.a(rbtree_remove.o)
                0x001079a0                rbtree_remove
 .text.rbtree_rotate
                0x00107cb0       0x90 C:/devkitPro/libctru/lib\libctru.a(rbtree_rotate.o)
                0x00107cb0                rbtree_rotate
 .text.__system_allocateHeaps
                0x00107d40      0x1e8 C:/devkitPro/libctru/lib\libctru.a(allocateHeaps.o)
                0x00107d40                __system_allocateHeaps
 .text.__appExit
                0x00107f28       0x30 C:/devkitPro/libctru/lib\libctru.a(appExit.o)
                0x00107f28                __appExit
 .text.__appInit
                0x00107f58       0x30 C:/devkitPro/libctru/lib\libctru.a(appInit.o)
                0x00107f58                __appInit
 .text.__libctru_exit
                0x00107f88       0x90 C:/devkitPro/libctru/lib\libctru.a(ctru_exit.o)
                0x00107f88                __libctru_exit
 .text.archive_link
                0x00108018       0x14 C:/devkitPro/libctru/lib\libctru.a(archive_dev.o)
 .text.archive_dirreset
                0x0010802c       0x14 C:/devkitPro/libctru/lib\libctru.a(archive_dev.o)
 .text.archive_chmod
                0x00108040       0x14 C:/devkitPro/libctru/lib\libctru.a(archive_dev.o)
 .text.error_cmp
                0x00108054       0x24 C:/devkitPro/libctru/lib\libctru.a(archive_dev.o)
 .text.archive_translate_error
                0x00108078       0x50 C:/devkitPro/libctru/lib\libctru.a(archive_dev.o)
 .text.archive_seek
                0x001080c8       0xc0 C:/devkitPro/libctru/lib\libctru.a(archive_dev.o)
 .text._archiveInit.part.0
                0x00108188       0x78 C:/devkitPro/libctru/lib\libctru.a(archive_dev.o)
 .text.archiveFindDevice.part.0
                0x00108200       0xd4 C:/devkitPro/libctru/lib\libctru.a(archive_dev.o)
 .text.archive_utf16path
                0x001082d4      0x298 C:/devkitPro/libctru/lib\libctru.a(archive_dev.o)
 .text._archiveUnmountDeviceStruct.part.0
                0x0010856c       0x98 C:/devkitPro/libctru/lib\libctru.a(archive_dev.o)
 .text.archive_statvfs
                0x00108604       0x14 C:/devkitPro/libctru/lib\libctru.a(archive_dev.o)
 .text.archive_fchmod
                0x00108618       0x14 C:/devkitPro/libctru/lib\libctru.a(archive_dev.o)
 .text._archiveMountDevice
                0x0010862c      0x178 C:/devkitPro/libctru/lib\libctru.a(archive_dev.o)
 .text.archive_diropen
                0x001087a4       0xf8 C:/devkitPro/libctru/lib\libctru.a(archive_dev.o)
 .text.archive_fstat
                0x0010889c       0xac C:/devkitPro/libctru/lib\libctru.a(archive_dev.o)
 .text.archive_fsync
                0x00108948       0x74 C:/devkitPro/libctru/lib\libctru.a(archive_dev.o)
 .text.archive_close
                0x001089bc       0x74 C:/devkitPro/libctru/lib\libctru.a(archive_dev.o)
 .text.archive_dirclose
                0x00108a30       0x78 C:/devkitPro/libctru/lib\libctru.a(archive_dev.o)
 .text.sdmc_statvfs
                0x00108aa8       0xec C:/devkitPro/libctru/lib\libctru.a(archive_dev.o)
 .text.archive_chdir
                0x00108b94       0xf8 C:/devkitPro/libctru/lib\libctru.a(archive_dev.o)
 .text.archive_ftruncate
                0x00108c8c       0x8c C:/devkitPro/libctru/lib\libctru.a(archive_dev.o)
 .text.archive_read
                0x00108d18       0xbc C:/devkitPro/libctru/lib\libctru.a(archive_dev.o)
 .text.archive_unlink
                0x00108dd4       0xa8 C:/devkitPro/libctru/lib\libctru.a(archive_dev.o)
 .text.archive_rmdir
                0x00108e7c       0xc0 C:/devkitPro/libctru/lib\libctru.a(archive_dev.o)
 .text.archive_mkdir
                0x00108f3c       0xd8 C:/devkitPro/libctru/lib\libctru.a(archive_dev.o)
 .text.archive_stat
                0x00109014      0x1a0 C:/devkitPro/libctru/lib\libctru.a(archive_dev.o)
 .text.archive_dirnext
                0x001091b4      0x164 C:/devkitPro/libctru/lib\libctru.a(archive_dev.o)
 .text.archive_write
                0x00109318      0x13c C:/devkitPro/libctru/lib\libctru.a(archive_dev.o)
 *fill*         0x00109454        0x4 
 .text.archive_open
                0x00109458      0x254 C:/devkitPro/libctru/lib\libctru.a(archive_dev.o)
 .text.archive_rename
                0x001096ac      0x270 C:/devkitPro/libctru/lib\libctru.a(archive_dev.o)
 .text.archiveMountSdmc
                0x0010991c      0x1c8 C:/devkitPro/libctru/lib\libctru.a(archive_dev.o)
                0x0010991c                archiveMountSdmc
 .text.archiveUnmountAll
                0x00109ae4       0x54 C:/devkitPro/libctru/lib\libctru.a(archive_dev.o)
                0x00109ae4                archiveUnmountAll
 .text.fsInit   0x00109b38      0x104 C:/devkitPro/libctru/lib\libctru.a(fs.o)
                0x00109b38                fsInit
 .text.fsExit   0x00109c3c       0x3c C:/devkitPro/libctru/lib\libctru.a(fs.o)
                0x00109c3c                fsExit
 .text.fsExemptFromSession
                0x00109c78       0x68 C:/devkitPro/libctru/lib\libctru.a(fs.o)
                0x00109c78                fsExemptFromSession
 .text.fsUnexemptFromSession
                0x00109ce0       0x50 C:/devkitPro/libctru/lib\libctru.a(fs.o)
                0x00109ce0                fsUnexemptFromSession
 .text.FSUSER_OpenFile
                0x00109d30       0xcc C:/devkitPro/libctru/lib\libctru.a(fs.o)
                0x00109d30                FSUSER_OpenFile
 .text.FSUSER_DeleteFile
                0x00109dfc       0xb8 C:/devkitPro/libctru/lib\libctru.a(fs.o)
                0x00109dfc                FSUSER_DeleteFile
 .text.FSUSER_RenameFile
                0x00109eb4       0xf4 C:/devkitPro/libctru/lib\libctru.a(fs.o)
                0x00109eb4                FSUSER_RenameFile
 .text.FSUSER_DeleteDirectory
                0x00109fa8       0xb8 C:/devkitPro/libctru/lib\libctru.a(fs.o)
                0x00109fa8                FSUSER_DeleteDirectory
 .text.FSUSER_CreateFile
                0x0010a060       0xd0 C:/devkitPro/libctru/lib\libctru.a(fs.o)
                0x0010a060                FSUSER_CreateFile
 .text.FSUSER_CreateDirectory
                0x0010a130       0xc0 C:/devkitPro/libctru/lib\libctru.a(fs.o)
                0x0010a130                FSUSER_CreateDirectory
 .text.FSUSER_RenameDirectory
                0x0010a1f0       0xf4 C:/devkitPro/libctru/lib\libctru.a(fs.o)
                0x0010a1f0                FSUSER_RenameDirectory
 .text.FSUSER_OpenDirectory
                0x0010a2e4       0xb4 C:/devkitPro/libctru/lib\libctru.a(fs.o)
                0x0010a2e4                FSUSER_OpenDirectory
 .text.FSUSER_OpenArchive
                0x0010a398       0x90 C:/devkitPro/libctru/lib\libctru.a(fs.o)
                0x0010a398                FSUSER_OpenArchive
 .text.FSUSER_CloseArchive
                0x0010a428       0x8c C:/devkitPro/libctru/lib\libctru.a(fs.o)
                0x0010a428                FSUSER_CloseArchive
 .text.FSUSER_GetSdmcArchiveResource
                0x0010a4b4       0x74 C:/devkitPro/libctru/lib\libctru.a(fs.o)
                0x0010a4b4                FSUSER_GetSdmcArchiveResource
 .text.FSUSER_IsSdmcWritable
                0x0010a528       0x64 C:/devkitPro/libctru/lib\libctru.a(fs.o)
                0x0010a528                FSUSER_IsSdmcWritable
 .text.FSFILE_Read
                0x0010a58c       0x64 C:/devkitPro/libctru/lib\libctru.a(fs.o)
                0x0010a58c                FSFILE_Read
 .text.FSFILE_Write
                0x0010a5f0       0x6c C:/devkitPro/libctru/lib\libctru.a(fs.o)
                0x0010a5f0                FSFILE_Write
 .text.FSFILE_GetSize
                0x0010a65c       0x44 C:/devkitPro/libctru/lib\libctru.a(fs.o)
                0x0010a65c                FSFILE_GetSize
 .text.FSFILE_SetSize
                0x0010a6a0       0x28 C:/devkitPro/libctru/lib\libctru.a(fs.o)
                0x0010a6a0                FSFILE_SetSize
 .text.FSFILE_Close
                0x0010a6c8       0x3c C:/devkitPro/libctru/lib\libctru.a(fs.o)
                0x0010a6c8                FSFILE_Close
 .text.FSFILE_Flush
                0x0010a704       0x24 C:/devkitPro/libctru/lib\libctru.a(fs.o)
                0x0010a704                FSFILE_Flush
 .text.FSDIR_Read
                0x0010a728       0x60 C:/devkitPro/libctru/lib\libctru.a(fs.o)
                0x0010a728                FSDIR_Read
 .text.FSDIR_Close
                0x0010a788       0x3c C:/devkitPro/libctru/lib\libctru.a(fs.o)
                0x0010a788                FSDIR_Close
 .text.rbtree_node_next
                0x0010a7c4       0x60 C:/devkitPro/libctru/lib\libctru.a(rbtree_iterator.o)
                0x0010a7c4                rbtree_node_next
 .text.decode_utf8
                0x0010a824      0x140 C:/devkitPro/libctru/lib\libctru.a(decode_utf8.o)
                0x0010a824                decode_utf8
 .text.utf16_to_utf8
                0x0010a964       0xe8 C:/devkitPro/libctru/lib\libctru.a(utf16_to_utf8.o)
                0x0010a964                utf16_to_utf8
 .text.utf8_to_utf16
                0x0010aa4c       0xc0 C:/devkitPro/libctru/lib\libctru.a(utf8_to_utf16.o)
                0x0010aa4c                utf8_to_utf16
 .text.__aeabi_read_tp
                0x0010ab0c        0xc C:/devkitPro/libctru/lib\libctru.a(readtp.o)
                0x0010ab0c                __aeabi_read_tp
 .text.decode_utf16
                0x0010ab18       0x54 C:/devkitPro/libctru/lib\libctru.a(decode_utf16.o)
                0x0010ab18                decode_utf16
 .text.encode_utf16
                0x0010ab6c       0x54 C:/devkitPro/libctru/lib\libctru.a(encode_utf16.o)
                0x0010ab6c                encode_utf16
 .text.encode_utf8
                0x0010abc0       0xe0 C:/devkitPro/libctru/lib\libctru.a(encode_utf8.o)
                0x0010abc0                encode_utf8
 .text.sqrtf    0x0010aca0       0x50 C:/devkitPro/devkitARM/bin/../lib/gcc/arm-none-eabi/15.1.0/../../../../arm-none-eabi/lib/armv6k/fpu\libm.a(libm_a-wf_sqrt.o)
                0x0010aca0                sqrtf
 .text.__ieee754_sqrtf
                0x0010acf0        0x8 C:/devkitPro/devkitARM/bin/../lib/gcc/arm-none-eabi/15.1.0/../../../../arm-none-eabi/lib/armv6k/fpu\libm.a(libm_a-ef_sqrt.o)
                0x0010acf0                __ieee754_sqrtf
 .text.__udivmoddi4
                0x0010acf8      0x130 C:/devkitPro/devkitARM/bin/../lib/gcc/arm-none-eabi/15.1.0/armv6k/fpu\libgcc.a(_udivmoddi4.o)
                0x0010acf8                __udivmoddi4
 .text.strncmp  0x0010ae28       0xd8 C:/devkitPro/devkitARM/bin/../lib/gcc/arm-none-eabi/15.1.0/../../../../arm-none-eabi/lib/armv6k/fpu\libg.a(libc_a-strncmp.o)
                0x0010ae28                strncmp
 .text._fclose_r
                0x0010af00      0x144 C:/devkitPro/devkitARM/bin/../lib/gcc/arm-none-eabi/15.1.0/../../../../arm-none-eabi/lib/armv6k/fpu\libg.a(libc_a-fclose.o)
                0x0010af00                _fclose_r
 .text.fclose   0x0010b044       0x20 C:/devkitPro/devkitARM/bin/../lib/gcc/arm-none-eabi/15.1.0/../../../../arm-none-eabi/lib/armv6k/fpu\libg.a(libc_a-fclose.o)
                0x0010b044                fclose
 .text._fwrite_r
                0x0010b064      0x104 C:/devkitPro/devkitARM/bin/../lib/gcc/arm-none-eabi/15.1.0/../../../../arm-none-eabi/lib/armv6k/fpu\libg.a(libc_a-fwrite.o)
                0x0010b064                _fwrite_r
 .text.fwrite   0x0010b168       0x38 C:/devkitPro/devkitARM/bin/../lib/gcc/arm-none-eabi/15.1.0/../../../../arm-none-eabi/lib/armv6k/fpu\libg.a(libc_a-fwrite.o)
                0x0010b168                fwrite
 .text.strlen   0x0010b1a0       0x8c C:/devkitPro/devkitARM/bin/../lib/gcc/arm-none-eabi/15.1.0/../../../../arm-none-eabi/lib/armv6k/fpu\libg.a(libc_a-strlen.o)
                0x0010b1a0                strlen
 .text.stdio_exit_handler
                0x0010b22c       0x1c C:/devkitPro/devkitARM/bin/../lib/gcc/arm-none-eabi/15.1.0/../../../../arm-none-eabi/lib/armv6k/fpu\libg.a(libc_a-findfp.o)
 .text.cleanup_stdio
                0x0010b248       0x5c C:/devkitPro/devkitARM/bin/../lib/gcc/arm-none-eabi/15.1.0/../../../../arm-none-eabi/lib/armv6k/fpu\libg.a(libc_a-findfp.o)
 .text.global_stdio_init.part.0
                0x0010b2a4      0x154 C:/devkitPro/devkitARM/bin/../lib/gcc/arm-none-eabi/15.1.0/../../../../arm-none-eabi/lib/armv6k/fpu\libg.a(libc_a-findfp.o)
 .text.__sfp    0x0010b3f8      0x138 C:/devkitPro/devkitARM/bin/../lib/gcc/arm-none-eabi/15.1.0/../../../../arm-none-eabi/lib/armv6k/fpu\libg.a(libc_a-findfp.o)
                0x0010b3f8                __sfp
 .text.__sinit  0x0010b530       0x5c C:/devkitPro/devkitARM/bin/../lib/gcc/arm-none-eabi/15.1.0/../../../../arm-none-eabi/lib/armv6k/fpu\libg.a(libc_a-findfp.o)
                0x0010b530                __sinit
 .text.__sfp_lock_acquire
                0x0010b58c        0xc C:/devkitPro/devkitARM/bin/../lib/gcc/arm-none-eabi/15.1.0/../../../../arm-none-eabi/lib/armv6k/fpu\libg.a(libc_a-findfp.o)
                0x0010b58c                __sfp_lock_acquire
 .text.__sfp_lock_release
                0x0010b598        0xc C:/devkitPro/devkitARM/bin/../lib/gcc/arm-none-eabi/15.1.0/../../../../arm-none-eabi/lib/armv6k/fpu\libg.a(libc_a-findfp.o)
                0x0010b598                __sfp_lock_release
 .text._strtoul_l.isra.0
                0x0010b5a4      0x1ec C:/devkitPro/devkitARM/bin/../lib/gcc/arm-none-eabi/15.1.0/../../../../arm-none-eabi/lib/armv6k/fpu\libg.a(libc_a-strtoul.o)
 .text._strtoul_r
                0x0010b790       0x38 C:/devkitPro/devkitARM/bin/../lib/gcc/arm-none-eabi/15.1.0/../../../../arm-none-eabi/lib/armv6k/fpu\libg.a(libc_a-strtoul.o)
                0x0010b790                _strtoul_r
 .text.strtoul  0x0010b7c8       0x3c C:/devkitPro/devkitARM/bin/../lib/gcc/arm-none-eabi/15.1.0/../../../../arm-none-eabi/lib/armv6k/fpu\libg.a(libc_a-strtoul.o)
                0x0010b7c8                strtoul
 .text.__libc_init_array
                0x0010b804       0x84 C:/devkitPro/devkitARM/bin/../lib/gcc/arm-none-eabi/15.1.0/../../../../arm-none-eabi/lib/armv6k/fpu\libg.a(libc_a-init.o)
                0x0010b804                __libc_init_array
 .text.strncat  0x0010b888       0x9c C:/devkitPro/devkitARM/bin/../lib/gcc/arm-none-eabi/15.1.0/../../../../arm-none-eabi/lib/armv6k/fpu\libg.a(libc_a-strncat.o)
                0x0010b888                strncat
 .text._fwalk_sglue
                0x0010b924       0x70 C:/devkitPro/devkitARM/bin/../lib/gcc/arm-none-eabi/15.1.0/../../../../arm-none-eabi/lib/armv6k/fpu\libg.a(libc_a-fwalk.o)
                0x0010b924                _fwalk_sglue
 .text.bsearch  0x0010b994       0x78 C:/devkitPro/devkitARM/bin/../lib/gcc/arm-none-eabi/15.1.0/../../../../arm-none-eabi/lib/armv6k/fpu\libg.a(libc_a-bsearch.o)
                0x0010b994                bsearch
 .text.__errno  0x0010ba0c        0xc C:/devkitPro/devkitARM/bin/../lib/gcc/arm-none-eabi/15.1.0/../../../../arm-none-eabi/lib/armv6k/fpu\libg.a(libc_a-errno.o)
                0x0010ba0c                __errno
 .text.memalign
                0x0010ba18       0x28 C:/devkitPro/devkitARM/bin/../lib/gcc/arm-none-eabi/15.1.0/../../../../arm-none-eabi/lib/armv6k/fpu\libg.a(libc_a-malign.o)
                0x0010ba18                memalign
 .text._malloc_r
                0x0010ba40      0x82c C:/devkitPro/devkitARM/bin/../lib/gcc/arm-none-eabi/15.1.0/../../../../arm-none-eabi/lib/armv6k/fpu\libg.a(libc_a-mallocr.o)
                0x0010ba40                _malloc_r
 .text._malloc_trim_r
                0x0010c26c      0x114 C:/devkitPro/devkitARM/bin/../lib/gcc/arm-none-eabi/15.1.0/../../../../arm-none-eabi/lib/armv6k/fpu\libg.a(libc_a-freer.o)
                0x0010c26c                _malloc_trim_r
 .text._free_r  0x0010c380      0x314 C:/devkitPro/devkitARM/bin/../lib/gcc/arm-none-eabi/15.1.0/../../../../arm-none-eabi/lib/armv6k/fpu\libg.a(libc_a-freer.o)
                0x0010c380                _free_r
 .text.snprintf
                0x0010c694       0xa0 C:/devkitPro/devkitARM/bin/../lib/gcc/arm-none-eabi/15.1.0/../../../../arm-none-eabi/lib/armv6k/fpu\libg.a(libc_a-snprintf.o)
                0x0010c694                snprintf
 .text.get_arg  0x0010c734      0x5e0 C:/devkitPro/devkitARM/bin/../lib/gcc/arm-none-eabi/15.1.0/../../../../arm-none-eabi/lib/armv6k/fpu\libg.a(libc_a-svfprintf.o)
 *fill*         0x0010cd14        0x4 
 .text._svfprintf_r
                0x0010cd18     0x345c C:/devkitPro/devkitARM/bin/../lib/gcc/arm-none-eabi/15.1.0/../../../../arm-none-eabi/lib/armv6k/fpu\libg.a(libc_a-svfprintf.o)
                0x0010cd18                _svfprintf_r
 .text.strnlen  0x00110174       0x3c C:/devkitPro/devkitARM/bin/../lib/gcc/arm-none-eabi/15.1.0/../../../../arm-none-eabi/lib/armv6k/fpu\libg.a(libc_a-strnlen.o)
                0x00110174                strnlen
 .text.malloc   0x001101b0       0x40 C:/devkitPro/devkitARM/bin/../lib/gcc/arm-none-eabi/15.1.0/../../../../arm-none-eabi/lib/armv6k/fpu\libg.a(libc_a-malloc.o)
                0x001101b0                malloc
 .text.free     0x001101f0       0x20 C:/devkitPro/devkitARM/bin/../lib/gcc/arm-none-eabi/15.1.0/../../../../arm-none-eabi/lib/armv6k/fpu\libg.a(libc_a-malloc.o)
                0x001101f0                free
 .text.__sflush_r
                0x00110210      0x22c C:/devkitPro/devkitARM/bin/../lib/gcc/arm-none-eabi/15.1.0/../../../../arm-none-eabi/lib/armv6k/fpu\libg.a(libc_a-fflush.o)
                0x00110210                __sflush_r
 .text._fflush_r
                0x0011043c       0xc4 C:/devkitPro/devkitARM/bin/../lib/gcc/arm-none-eabi/15.1.0/../../../../arm-none-eabi/lib/armv6k/fpu\libg.a(libc_a-fflush.o)
                0x0011043c                _fflush_r
 .text.time     0x00110500       0x48 C:/devkitPro/devkitARM/bin/../lib/gcc/arm-none-eabi/15.1.0/../../../../arm-none-eabi/lib/armv6k/fpu\libg.a(libc_a-time.o)
                0x00110500                time
 .text.memset   0x00110548       0xe4 C:/devkitPro/devkitARM/bin/../lib/gcc/arm-none-eabi/15.1.0/../../../../arm-none-eabi/lib/armv6k/fpu\libg.a(libc_a-memset.o)
                0x00110548                memset
 .text.__malloc_lock
                0x0011062c        0xc C:/devkitPro/devkitARM/bin/../lib/gcc/arm-none-eabi/15.1.0/../../../../arm-none-eabi/lib/armv6k/fpu\libg.a(libc_a-mlock.o)
                0x0011062c                __malloc_lock
 .text.__malloc_unlock
                0x00110638        0xc C:/devkitPro/devkitARM/bin/../lib/gcc/arm-none-eabi/15.1.0/../../../../arm-none-eabi/lib/armv6k/fpu\libg.a(libc_a-mlock.o)
                0x00110638                __malloc_unlock
 .text.__call_exitprocs
                0x00110644        0x4 C:/devkitPro/devkitARM/bin/../lib/gcc/arm-none-eabi/15.1.0/../../../../arm-none-eabi/lib/armv6k/fpu\libg.a(libc_a-exit.o)
                0x00110644                __call_exitprocs
 .text.exit     0x00110648       0x30 C:/devkitPro/devkitARM/bin/../lib/gcc/arm-none-eabi/15.1.0/../../../../arm-none-eabi/lib/armv6k/fpu\libg.a(libc_a-exit.o)
                0x00110648                exit
 .text._fopen_r
                0x00110678      0x134 C:/devkitPro/devkitARM/bin/../lib/gcc/arm-none-eabi/15.1.0/../../../../arm-none-eabi/lib/armv6k/fpu\libg.a(libc_a-fopen.o)
                0x00110678                _fopen_r
 .text.fopen    0x001107ac       0x28 C:/devkitPro/devkitARM/bin/../lib/gcc/arm-none-eabi/15.1.0/../../../../arm-none-eabi/lib/armv6k/fpu\libg.a(libc_a-fopen.o)
                0x001107ac                fopen
 .text.localtime
                0x001107d4       0x1c C:/devkitPro/devkitARM/bin/../lib/gcc/arm-none-eabi/15.1.0/../../../../arm-none-eabi/lib/armv6k/fpu\libg.a(libc_a-lcltime.o)
                0x001107d4                localtime
 .text.strncpy  0x001107f0       0xd4 C:/devkitPro/devkitARM/bin/../lib/gcc/arm-none-eabi/15.1.0/../../../../arm-none-eabi/lib/armv6k/fpu\libg.a(libc_a-strncpy.o)
                0x001107f0                strncpy
 .text.memcpy   0x001108c4      0x12c C:/devkitPro/devkitARM/bin/../lib/gcc/arm-none-eabi/15.1.0/../../../../arm-none-eabi/lib/armv6k/fpu\libg.a(libc_a-memcpy-stub.o)
                0x001108c4                memcpy
 .text._wcsrtombs_r
                0x001109f0       0x28 C:/devkitPro/devkitARM/bin/../lib/gcc/arm-none-eabi/15.1.0/../../../../arm-none-eabi/lib/armv6k/fpu\libg.a(libc_a-wcsrtombs.o)
                0x001109f0                _wcsrtombs_r
 .text.frexp    0x00110a18       0x88 C:/devkitPro/devkitARM/bin/../lib/gcc/arm-none-eabi/15.1.0/../../../../arm-none-eabi/lib/armv6k/fpu\libg.a(libm_a-s_frexp.o)
                0x00110a18                frexp
 .text.__sfvwrite_r
                0x00110aa0      0x4a4 C:/devkitPro/devkitARM/bin/../lib/gcc/arm-none-eabi/15.1.0/../../../../arm-none-eabi/lib/armv6k/fpu\libg.a(libc_a-fvwrite.o)
                0x00110aa0                __sfvwrite_r
 .text.__sread  0x00110f44       0x44 C:/devkitPro/devkitARM/bin/../lib/gcc/arm-none-eabi/15.1.0/../../../../arm-none-eabi/lib/armv6k/fpu\libg.a(libc_a-stdio.o)
                0x00110f44                __sread
 .text.__seofread
                0x00110f88        0x8 C:/devkitPro/devkitARM/bin/../lib/gcc/arm-none-eabi/15.1.0/../../../../arm-none-eabi/lib/armv6k/fpu\libg.a(libc_a-stdio.o)
                0x00110f88                __seofread
 .text.__swrite
                0x00110f90       0x68 C:/devkitPro/devkitARM/bin/../lib/gcc/arm-none-eabi/15.1.0/../../../../arm-none-eabi/lib/armv6k/fpu\libg.a(libc_a-stdio.o)
                0x00110f90                __swrite
 .text.__sseek  0x00110ff8       0x40 C:/devkitPro/devkitARM/bin/../lib/gcc/arm-none-eabi/15.1.0/../../../../arm-none-eabi/lib/armv6k/fpu\libg.a(libc_a-stdio.o)
                0x00110ff8                __sseek
 .text.__sclose
                0x00111038        0x8 C:/devkitPro/devkitARM/bin/../lib/gcc/arm-none-eabi/15.1.0/../../../../arm-none-eabi/lib/armv6k/fpu\libg.a(libc_a-stdio.o)
                0x00111038                __sclose
 .text.memmove  0x00111040      0x16c C:/devkitPro/devkitARM/bin/../lib/gcc/arm-none-eabi/15.1.0/../../../../arm-none-eabi/lib/armv6k/fpu\libg.a(libc_a-memmove.o)
                0x00111040                memmove
 .text.__locale_mb_cur_max
                0x001111ac       0x24 C:/devkitPro/devkitARM/bin/../lib/gcc/arm-none-eabi/15.1.0/../../../../arm-none-eabi/lib/armv6k/fpu\libg.a(libc_a-locale.o)
                0x001111ac                __locale_mb_cur_max
 .text.__ssprint_r
                0x001111d0       0xa4 C:/devkitPro/devkitARM/bin/../lib/gcc/arm-none-eabi/15.1.0/../../../../arm-none-eabi/lib/armv6k/fpu\libg.a(libc_a-ssprint_r.o)
                0x001111d0                __ssprint_r
 .text._memalign_r
                0x00111274      0x16c C:/devkitPro/devkitARM/bin/../lib/gcc/arm-none-eabi/15.1.0/../../../../arm-none-eabi/lib/armv6k/fpu\libg.a(libc_a-malignr.o)
                0x00111274                _memalign_r
 .text._wcsnrtombs_l
                0x001113e0      0x15c C:/devkitPro/devkitARM/bin/../lib/gcc/arm-none-eabi/15.1.0/../../../../arm-none-eabi/lib/armv6k/fpu\libg.a(libc_a-wcsnrtombs.o)
                0x001113e0                _wcsnrtombs_l
 .text._wcsnrtombs_r
                0x0011153c       0x64 C:/devkitPro/devkitARM/bin/../lib/gcc/arm-none-eabi/15.1.0/../../../../arm-none-eabi/lib/armv6k/fpu\libg.a(libc_a-wcsnrtombs.o)
                0x0011153c                _wcsnrtombs_r
 .text.__utf8_mbtowc
                0x001115a0      0x340 C:/devkitPro/devkitARM/bin/../lib/gcc/arm-none-eabi/15.1.0/../../../../arm-none-eabi/lib/armv6k/fpu\libg.a(libc_a-mbtowc_r.o)
                0x001115a0                __utf8_mbtowc
 .text._localeconv_r
                0x001118e0       0x24 C:/devkitPro/devkitARM/bin/../lib/gcc/arm-none-eabi/15.1.0/../../../../arm-none-eabi/lib/armv6k/fpu\libg.a(libc_a-localeconv.o)
                0x001118e0                _localeconv_r
 .text._fseek_r
                0x00111904       0x1c C:/devkitPro/devkitARM/bin/../lib/gcc/arm-none-eabi/15.1.0/../../../../arm-none-eabi/lib/armv6k/fpu\libg.a(libc_a-fseek.o)
                0x00111904                _fseek_r
 .text.memchr   0x00111920       0xe8 C:/devkitPro/devkitARM/bin/../lib/gcc/arm-none-eabi/15.1.0/../../../../arm-none-eabi/lib/armv6k/fpu\libg.a(libc_a-memchr-stub.o)
                0x00111920                memchr
 .text.quorem   0x00111a08      0x1c0 C:/devkitPro/devkitARM/bin/../lib/gcc/arm-none-eabi/15.1.0/../../../../arm-none-eabi/lib/armv6k/fpu\libg.a(libc_a-dtoa.o)
 .text._dtoa_r  0x00111bc8     0x13f0 C:/devkitPro/devkitARM/bin/../lib/gcc/arm-none-eabi/15.1.0/../../../../arm-none-eabi/lib/armv6k/fpu\libg.a(libc_a-dtoa.o)
                0x00111bc8                _dtoa_r
 .text._wcrtomb_r
                0x00112fb8       0xa0 C:/devkitPro/devkitARM/bin/../lib/gcc/arm-none-eabi/15.1.0/../../../../arm-none-eabi/lib/armv6k/fpu\libg.a(libc_a-wcrtomb.o)
                0x00112fb8                _wcrtomb_r
 .text.strcpy   0x00113058       0xf0 C:/devkitPro/devkitARM/bin/../lib/gcc/arm-none-eabi/15.1.0/../../../../arm-none-eabi/lib/armv6k/fpu\libg.a(libc_a-strcpy.o)
                0x00113058                strcpy
 .text.__sflags
                0x00113148       0xb8 C:/devkitPro/devkitARM/bin/../lib/gcc/arm-none-eabi/15.1.0/../../../../arm-none-eabi/lib/armv6k/fpu\libg.a(libc_a-flags.o)
                0x00113148                __sflags
 .text._strtol_l.part.0
                0x00113200      0x384 C:/devkitPro/devkitARM/bin/../lib/gcc/arm-none-eabi/15.1.0/../../../../arm-none-eabi/lib/armv6k/fpu\libg.a(libc_a-strtol.o)
 .text._strtol_r
                0x00113584       0x6c C:/devkitPro/devkitARM/bin/../lib/gcc/arm-none-eabi/15.1.0/../../../../arm-none-eabi/lib/armv6k/fpu\libg.a(libc_a-strtol.o)
                0x00113584                _strtol_r
 .text.__libc_fini_array
                0x001135f0       0x3c C:/devkitPro/devkitARM/bin/../lib/gcc/arm-none-eabi/15.1.0/../../../../arm-none-eabi/lib/armv6k/fpu\libg.a(libc_a-fini.o)
                0x001135f0                __libc_fini_array
 .text._findenv_r
                0x0011362c       0xdc C:/devkitPro/devkitARM/bin/../lib/gcc/arm-none-eabi/15.1.0/../../../../arm-none-eabi/lib/armv6k/fpu\libg.a(libc_a-getenv_r.o)
                0x0011362c                _findenv_r
 .text._getenv_r
                0x00113708       0x18 C:/devkitPro/devkitARM/bin/../lib/gcc/arm-none-eabi/15.1.0/../../../../arm-none-eabi/lib/armv6k/fpu\libg.a(libc_a-getenv_r.o)
                0x00113708                _getenv_r
 .text._realloc_r
                0x00113720      0x4f0 C:/devkitPro/devkitARM/bin/../lib/gcc/arm-none-eabi/15.1.0/../../../../arm-none-eabi/lib/armv6k/fpu\libg.a(libc_a-reallocr.o)
                0x00113720                _realloc_r
 .text.__ssputs_r
                0x00113c10      0x12c C:/devkitPro/devkitARM/bin/../lib/gcc/arm-none-eabi/15.1.0/../../../../arm-none-eabi/lib/armv6k/fpu\libg.a(libc_a-ssputs_r.o)
                0x00113c10                __ssputs_r
 .text.localtime_r
                0x00113d3c      0x35c C:/devkitPro/devkitARM/bin/../lib/gcc/arm-none-eabi/15.1.0/../../../../arm-none-eabi/lib/armv6k/fpu\libg.a(libc_a-lcltime_r.o)
                0x00113d3c                localtime_r
 .text.__tzcalc_limits
                0x00114098      0x258 C:/devkitPro/devkitARM/bin/../lib/gcc/arm-none-eabi/15.1.0/../../../../arm-none-eabi/lib/armv6k/fpu\libg.a(libc_a-tzcalc_limits.o)
                0x00114098                __tzcalc_limits
 .text.__utf8_wctomb
                0x001142f0       0xf8 C:/devkitPro/devkitARM/bin/../lib/gcc/arm-none-eabi/15.1.0/../../../../arm-none-eabi/lib/armv6k/fpu\libg.a(libc_a-wctomb_r.o)
                0x001142f0                __utf8_wctomb
 .text.__swsetup_r
                0x001143e8      0x140 C:/devkitPro/devkitARM/bin/../lib/gcc/arm-none-eabi/15.1.0/../../../../arm-none-eabi/lib/armv6k/fpu\libg.a(libc_a-wsetup.o)
                0x001143e8                __swsetup_r
 .text.strchr   0x00114528      0x140 C:/devkitPro/devkitARM/bin/../lib/gcc/arm-none-eabi/15.1.0/../../../../arm-none-eabi/lib/armv6k/fpu\libg.a(libc_a-strchr.o)
                0x00114528                strchr
 .text.__env_lock
                0x00114668        0xc C:/devkitPro/devkitARM/bin/../lib/gcc/arm-none-eabi/15.1.0/../../../../arm-none-eabi/lib/armv6k/fpu\libg.a(libc_a-envlock.o)
                0x00114668                __env_lock
 .text.__env_unlock
                0x00114674        0xc C:/devkitPro/devkitARM/bin/../lib/gcc/arm-none-eabi/15.1.0/../../../../arm-none-eabi/lib/armv6k/fpu\libg.a(libc_a-envlock.o)
                0x00114674                __env_unlock
 .text.__assert_func
                0x00114680       0x5c C:/devkitPro/devkitARM/bin/../lib/gcc/arm-none-eabi/15.1.0/../../../../arm-none-eabi/lib/armv6k/fpu\libg.a(libc_a-assert.o)
                0x00114680                __assert_func
 .text._Balloc  0x001146dc       0x88 C:/devkitPro/devkitARM/bin/../lib/gcc/arm-none-eabi/15.1.0/../../../../arm-none-eabi/lib/armv6k/fpu\libg.a(libc_a-mprec.o)
                0x001146dc                _Balloc
 .text._Bfree   0x00114764       0x1c C:/devkitPro/devkitARM/bin/../lib/gcc/arm-none-eabi/15.1.0/../../../../arm-none-eabi/lib/armv6k/fpu\libg.a(libc_a-mprec.o)
                0x00114764                _Bfree
 .text.__multadd
                0x00114780       0xf4 C:/devkitPro/devkitARM/bin/../lib/gcc/arm-none-eabi/15.1.0/../../../../arm-none-eabi/lib/armv6k/fpu\libg.a(libc_a-mprec.o)
                0x00114780                __multadd
 .text.__hi0bits
                0x00114874       0x80 C:/devkitPro/devkitARM/bin/../lib/gcc/arm-none-eabi/15.1.0/../../../../arm-none-eabi/lib/armv6k/fpu\libg.a(libc_a-mprec.o)
                0x00114874                __hi0bits
 .text.__lo0bits
                0x001148f4       0xf0 C:/devkitPro/devkitARM/bin/../lib/gcc/arm-none-eabi/15.1.0/../../../../arm-none-eabi/lib/armv6k/fpu\libg.a(libc_a-mprec.o)
                0x001148f4                __lo0bits
 .text.__i2b    0x001149e4       0xa4 C:/devkitPro/devkitARM/bin/../lib/gcc/arm-none-eabi/15.1.0/../../../../arm-none-eabi/lib/armv6k/fpu\libg.a(libc_a-mprec.o)
                0x001149e4                __i2b
 .text.__multiply
                0x00114a88      0x230 C:/devkitPro/devkitARM/bin/../lib/gcc/arm-none-eabi/15.1.0/../../../../arm-none-eabi/lib/armv6k/fpu\libg.a(libc_a-mprec.o)
                0x00114a88                __multiply
 .text.__pow5mult
                0x00114cb8      0x130 C:/devkitPro/devkitARM/bin/../lib/gcc/arm-none-eabi/15.1.0/../../../../arm-none-eabi/lib/armv6k/fpu\libg.a(libc_a-mprec.o)
                0x00114cb8                __pow5mult
 .text.__lshift
                0x00114de8      0x138 C:/devkitPro/devkitARM/bin/../lib/gcc/arm-none-eabi/15.1.0/../../../../arm-none-eabi/lib/armv6k/fpu\libg.a(libc_a-mprec.o)
                0x00114de8                __lshift
 .text.__mcmp   0x00114f20       0x58 C:/devkitPro/devkitARM/bin/../lib/gcc/arm-none-eabi/15.1.0/../../../../arm-none-eabi/lib/armv6k/fpu\libg.a(libc_a-mprec.o)
                0x00114f20                __mcmp
 .text.__mdiff  0x00114f78      0x218 C:/devkitPro/devkitARM/bin/../lib/gcc/arm-none-eabi/15.1.0/../../../../arm-none-eabi/lib/armv6k/fpu\libg.a(libc_a-mprec.o)
                0x00114f78                __mdiff
 .text.__d2b    0x00115190      0x120 C:/devkitPro/devkitARM/bin/../lib/gcc/arm-none-eabi/15.1.0/../../../../arm-none-eabi/lib/armv6k/fpu\libg.a(libc_a-mprec.o)
                0x00115190                __d2b
 .text.gmtime_r
                0x001152b0      0x25c C:/devkitPro/devkitARM/bin/../lib/gcc/arm-none-eabi/15.1.0/../../../../arm-none-eabi/lib/armv6k/fpu\libg.a(libc_a-gmtime_r.o)
                0x001152b0                gmtime_r
 .text.fiprintf
                0x0011550c       0x3c C:/devkitPro/devkitARM/bin/../lib/gcc/arm-none-eabi/15.1.0/../../../../arm-none-eabi/lib/armv6k/fpu\libg.a(libc_a-fiprintf.o)
                0x0011550c                fiprintf
 .text._fseeko_r
                0x00115548      0x588 C:/devkitPro/devkitARM/bin/../lib/gcc/arm-none-eabi/15.1.0/../../../../arm-none-eabi/lib/armv6k/fpu\libg.a(libc_a-fseeko.o)
                0x00115548                _fseeko_r
 .text._tzset_unlocked
                0x00115ad0       0x10 C:/devkitPro/devkitARM/bin/../lib/gcc/arm-none-eabi/15.1.0/../../../../arm-none-eabi/lib/armv6k/fpu\libg.a(libc_a-tzset.o)
                0x00115ad0                _tzset_unlocked
 .text.abort    0x00115ae0       0x14 C:/devkitPro/devkitARM/bin/../lib/gcc/arm-none-eabi/15.1.0/../../../../arm-none-eabi/lib/armv6k/fpu\libg.a(libc_a-abort.o)
                0x00115ae0                abort
 .text.__gettzinfo
                0x00115af4        0xc C:/devkitPro/devkitARM/bin/../lib/gcc/arm-none-eabi/15.1.0/../../../../arm-none-eabi/lib/armv6k/fpu\libg.a(libc_a-gettzinfo.o)
                0x00115af4                __gettzinfo
 .text._calloc_r
                0x00115b00       0xd8 C:/devkitPro/devkitARM/bin/../lib/gcc/arm-none-eabi/15.1.0/../../../../arm-none-eabi/lib/armv6k/fpu\libg.a(libc_a-callocr.o)
                0x00115b00                _calloc_r
 .text.__tz_lock
                0x00115bd8        0xc C:/devkitPro/devkitARM/bin/../lib/gcc/arm-none-eabi/15.1.0/../../../../arm-none-eabi/lib/armv6k/fpu\libg.a(libc_a-tzlock.o)
                0x00115bd8                __tz_lock
 .text.__tz_unlock
                0x00115be4        0xc C:/devkitPro/devkitARM/bin/../lib/gcc/arm-none-eabi/15.1.0/../../../../arm-none-eabi/lib/armv6k/fpu\libg.a(libc_a-tzlock.o)
                0x00115be4                __tz_unlock
 .text._tzset_unlocked_r
                0x00115bf0      0x648 C:/devkitPro/devkitARM/bin/../lib/gcc/arm-none-eabi/15.1.0/../../../../arm-none-eabi/lib/armv6k/fpu\libg.a(libc_a-tzset_r.o)
                0x00115bf0                _tzset_unlocked_r
 .text.lflush   0x00116238       0x38 C:/devkitPro/devkitARM/bin/../lib/gcc/arm-none-eabi/15.1.0/../../../../arm-none-eabi/lib/armv6k/fpu\libg.a(libc_a-refill.o)
 .text.__srefill_r
                0x00116270      0x1a8 C:/devkitPro/devkitARM/bin/../lib/gcc/arm-none-eabi/15.1.0/../../../../arm-none-eabi/lib/armv6k/fpu\libg.a(libc_a-refill.o)
                0x00116270                __srefill_r
 .text.__smakebuf_r
                0x00116418      0x164 C:/devkitPro/devkitARM/bin/../lib/gcc/arm-none-eabi/15.1.0/../../../../arm-none-eabi/lib/armv6k/fpu\libg.a(libc_a-makebuf.o)
                0x00116418                __smakebuf_r
 .text._raise_r
                0x0011657c       0x9c C:/devkitPro/devkitARM/bin/../lib/gcc/arm-none-eabi/15.1.0/../../../../arm-none-eabi/lib/armv6k/fpu\libg.a(libc_a-signal.o)
                0x0011657c                _raise_r
 .text.raise    0x00116618       0x20 C:/devkitPro/devkitARM/bin/../lib/gcc/arm-none-eabi/15.1.0/../../../../arm-none-eabi/lib/armv6k/fpu\libg.a(libc_a-signal.o)
                0x00116618                raise
 .text.get_arg  0x00116638      0x5e0 C:/devkitPro/devkitARM/bin/../lib/gcc/arm-none-eabi/15.1.0/../../../../arm-none-eabi/lib/armv6k/fpu\libg.a(libc_a-vfiprintf.o)
 .text._vfiprintf_r
                0x00116c18     0x22f8 C:/devkitPro/devkitARM/bin/../lib/gcc/arm-none-eabi/15.1.0/../../../../arm-none-eabi/lib/armv6k/fpu\libg.a(libc_a-vfiprintf.o)
                0x00116c18                _vfiprintf_r
 .text.__sbprintf
                0x00118f10       0xb4 C:/devkitPro/devkitARM/bin/../lib/gcc/arm-none-eabi/15.1.0/../../../../arm-none-eabi/lib/armv6k/fpu\libg.a(libc_a-vfiprintf.o)
 .text.__sprint_r
                0x00118fc4       0x30 C:/devkitPro/devkitARM/bin/../lib/gcc/arm-none-eabi/15.1.0/../../../../arm-none-eabi/lib/armv6k/fpu\libg.a(libc_a-sprint_r.o)
                0x00118fc4                __sprint_r
 .text.siscanf  0x00118ff4       0x78 C:/devkitPro/devkitARM/bin/../lib/gcc/arm-none-eabi/15.1.0/../../../../arm-none-eabi/lib/armv6k/fpu\libg.a(libc_a-siscanf.o)
                0x00118ff4                siscanf
 .text.get_arg  0x0011906c       0x50 C:/devkitPro/devkitARM/bin/../lib/gcc/arm-none-eabi/15.1.0/../../../../arm-none-eabi/lib/armv6k/fpu\libg.a(libc_a-svfiscanf.o)
 .text._sungetc_r
                0x001190bc       0xe4 C:/devkitPro/devkitARM/bin/../lib/gcc/arm-none-eabi/15.1.0/../../../../arm-none-eabi/lib/armv6k/fpu\libg.a(libc_a-svfiscanf.o)
                0x001190bc                _sungetc_r
 .text.__ssrefill_r
                0x001191a0       0x6c C:/devkitPro/devkitARM/bin/../lib/gcc/arm-none-eabi/15.1.0/../../../../arm-none-eabi/lib/armv6k/fpu\libg.a(libc_a-svfiscanf.o)
                0x001191a0                __ssrefill_r
 .text._sfread_r
                0x0011920c       0xb4 C:/devkitPro/devkitARM/bin/../lib/gcc/arm-none-eabi/15.1.0/../../../../arm-none-eabi/lib/armv6k/fpu\libg.a(libc_a-svfiscanf.o)
                0x0011920c                _sfread_r
 .text.__ssvfiscanf_r
                0x001192c0     0x22c4 C:/devkitPro/devkitARM/bin/../lib/gcc/arm-none-eabi/15.1.0/../../../../arm-none-eabi/lib/armv6k/fpu\libg.a(libc_a-svfiscanf.o)
                0x001192c0                __ssvfiscanf_r
 .text.iswspace
                0x0011b584        0x8 C:/devkitPro/devkitARM/bin/../lib/gcc/arm-none-eabi/15.1.0/../../../../arm-none-eabi/lib/armv6k/fpu\libg.a(libc_a-iswspace.o)
                0x0011b584                iswspace
 .text.realloc  0x0011b58c       0x28 C:/devkitPro/devkitARM/bin/../lib/gcc/arm-none-eabi/15.1.0/../../../../arm-none-eabi/lib/armv6k/fpu\libg.a(libc_a-realloc.o)
                0x0011b58c                realloc
 .text.__sccl   0x0011b5b4       0xf8 C:/devkitPro/devkitARM/bin/../lib/gcc/arm-none-eabi/15.1.0/../../../../arm-none-eabi/lib/armv6k/fpu\libg.a(libc_a-sccl.o)
                0x0011b5b4                __sccl
 .text._strtoull_l.isra.0
                0x0011b6ac      0x264 C:/devkitPro/devkitARM/bin/../lib/gcc/arm-none-eabi/15.1.0/../../../../arm-none-eabi/lib/armv6k/fpu\libg.a(libc_a-strtoull.o)
 .text._strtoull_r
                0x0011b910       0x38 C:/devkitPro/devkitARM/bin/../lib/gcc/arm-none-eabi/15.1.0/../../../../arm-none-eabi/lib/armv6k/fpu\libg.a(libc_a-strtoull.o)
                0x0011b910                _strtoull_r
 .text._mbrtowc_r
                0x0011b948       0xc4 C:/devkitPro/devkitARM/bin/../lib/gcc/arm-none-eabi/15.1.0/../../../../arm-none-eabi/lib/armv6k/fpu\libg.a(libc_a-mbrtowc.o)
                0x0011b948                _mbrtowc_r
 .text.iswspace_l
                0x0011ba0c       0x38 C:/devkitPro/devkitARM/bin/../lib/gcc/arm-none-eabi/15.1.0/../../../../arm-none-eabi/lib/armv6k/fpu\libg.a(libc_a-iswspace_l.o)
                0x0011ba0c                iswspace_l
 .text._strtoll_l.isra.0
                0x0011ba44      0x47c C:/devkitPro/devkitARM/bin/../lib/gcc/arm-none-eabi/15.1.0/../../../../arm-none-eabi/lib/armv6k/fpu\libg.a(libc_a-strtoll.o)
 .text._strtoll_r
                0x0011bec0       0x38 C:/devkitPro/devkitARM/bin/../lib/gcc/arm-none-eabi/15.1.0/../../../../arm-none-eabi/lib/armv6k/fpu\libg.a(libc_a-strtoll.o)
                0x0011bec0                _strtoll_r
 .text.__submore
                0x0011bef8       0xb8 C:/devkitPro/devkitARM/bin/../lib/gcc/arm-none-eabi/15.1.0/../../../../arm-none-eabi/lib/armv6k/fpu\libg.a(libc_a-ungetc.o)
                0x0011bef8                __submore
 .text.category
                0x0011bfb0       0x90 C:/devkitPro/devkitARM/bin/../lib/gcc/arm-none-eabi/15.1.0/../../../../arm-none-eabi/lib/armv6k/fpu\libg.a(libc_a-categories.o)
                0x0011bfb0                category
 .text._exit    0x0011c040       0x20 C:/devkitPro/devkitARM/bin/../lib/gcc/arm-none-eabi/15.1.0/../../../../arm-none-eabi/lib/armv6k/fpu\libsysbase.a(libsysbase_libsysbase_a-_exit.o)
                0x0011c040                _exit
 .text.chdir    0x0011c060      0x140 C:/devkitPro/devkitARM/bin/../lib/gcc/arm-none-eabi/15.1.0/../../../../arm-none-eabi/lib/armv6k/fpu\libsysbase.a(libsysbase_libsysbase_a-chdir.o)
                0x0011c060                chdir
 .text._concatenate_path
                0x0011c1a0      0x1c8 C:/devkitPro/devkitARM/bin/../lib/gcc/arm-none-eabi/15.1.0/../../../../arm-none-eabi/lib/armv6k/fpu\libsysbase.a(libsysbase_libsysbase_a-concatenate.o)
                0x0011c1a0                _concatenate_path
 .text._fstat_r
                0x0011c368       0x9c C:/devkitPro/devkitARM/bin/../lib/gcc/arm-none-eabi/15.1.0/../../../../arm-none-eabi/lib/armv6k/fpu\libsysbase.a(libsysbase_libsysbase_a-fstat.o)
                0x0011c368                _fstat_r
 .text._getpid_r
                0x0011c404       0x14 C:/devkitPro/devkitARM/bin/../lib/gcc/arm-none-eabi/15.1.0/../../../../arm-none-eabi/lib/armv6k/fpu\libsysbase.a(libsysbase_libsysbase_a-getpid.o)
                0x0011c404                _getpid_r
 .text.__getreent
                0x0011c418       0x2c C:/devkitPro/devkitARM/bin/../lib/gcc/arm-none-eabi/15.1.0/../../../../arm-none-eabi/lib/armv6k/fpu\libsysbase.a(libsysbase_libsysbase_a-getreent.o)
                0x0011c418                __getreent
 .text._gettimeofday_r
                0x0011c444       0x30 C:/devkitPro/devkitARM/bin/../lib/gcc/arm-none-eabi/15.1.0/../../../../arm-none-eabi/lib/armv6k/fpu\libsysbase.a(libsysbase_libsysbase_a-gettod.o)
                0x0011c444                _gettimeofday_r
 .text.__release_handle
                0x0011c474       0xa0 C:/devkitPro/devkitARM/bin/../lib/gcc/arm-none-eabi/15.1.0/../../../../arm-none-eabi/lib/armv6k/fpu\libsysbase.a(libsysbase_libsysbase_a-handle_manager.o)
                0x0011c474                __release_handle
 .text.__alloc_handle
                0x0011c514       0xb0 C:/devkitPro/devkitARM/bin/../lib/gcc/arm-none-eabi/15.1.0/../../../../arm-none-eabi/lib/armv6k/fpu\libsysbase.a(libsysbase_libsysbase_a-handle_manager.o)
                0x0011c514                __alloc_handle
 .text.__get_handle
                0x0011c5c4       0x58 C:/devkitPro/devkitARM/bin/../lib/gcc/arm-none-eabi/15.1.0/../../../../arm-none-eabi/lib/armv6k/fpu\libsysbase.a(libsysbase_libsysbase_a-handle_manager.o)
                0x0011c5c4                __get_handle
 .text._close_r
                0x0011c61c      0x110 C:/devkitPro/devkitARM/bin/../lib/gcc/arm-none-eabi/15.1.0/../../../../arm-none-eabi/lib/armv6k/fpu\libsysbase.a(libsysbase_libsysbase_a-handle_manager.o)
                0x0011c61c                _close_r
 .text.null_write
                0x0011c72c        0x8 C:/devkitPro/devkitARM/bin/../lib/gcc/arm-none-eabi/15.1.0/../../../../arm-none-eabi/lib/armv6k/fpu\libsysbase.a(libsysbase_libsysbase_a-iosupport.o)
 .text.setDefaultDevice
                0x0011c734       0x18 C:/devkitPro/devkitARM/bin/../lib/gcc/arm-none-eabi/15.1.0/../../../../arm-none-eabi/lib/armv6k/fpu\libsysbase.a(libsysbase_libsysbase_a-iosupport.o)
                0x0011c734                setDefaultDevice
 .text.FindDevice
                0x0011c74c       0xc4 C:/devkitPro/devkitARM/bin/../lib/gcc/arm-none-eabi/15.1.0/../../../../arm-none-eabi/lib/armv6k/fpu\libsysbase.a(libsysbase_libsysbase_a-iosupport.o)
                0x0011c74c                FindDevice
 .text.RemoveDevice
                0x0011c810       0x28 C:/devkitPro/devkitARM/bin/../lib/gcc/arm-none-eabi/15.1.0/../../../../arm-none-eabi/lib/armv6k/fpu\libsysbase.a(libsysbase_libsysbase_a-iosupport.o)
                0x0011c810                RemoveDevice
 .text.AddDevice
                0x0011c838       0x98 C:/devkitPro/devkitARM/bin/../lib/gcc/arm-none-eabi/15.1.0/../../../../arm-none-eabi/lib/armv6k/fpu\libsysbase.a(libsysbase_libsysbase_a-iosupport.o)
                0x0011c838                AddDevice
 .text.GetDeviceOpTab
                0x0011c8d0       0x20 C:/devkitPro/devkitARM/bin/../lib/gcc/arm-none-eabi/15.1.0/../../../../arm-none-eabi/lib/armv6k/fpu\libsysbase.a(libsysbase_libsysbase_a-iosupport.o)
                0x0011c8d0                GetDeviceOpTab
 .text._isatty_r
                0x0011c8f0        0x8 C:/devkitPro/devkitARM/bin/../lib/gcc/arm-none-eabi/15.1.0/../../../../arm-none-eabi/lib/armv6k/fpu\libsysbase.a(libsysbase_libsysbase_a-isatty.o)
                0x0011c8f0                _isatty_r
 .text._kill_r  0x0011c8f8       0x14 C:/devkitPro/devkitARM/bin/../lib/gcc/arm-none-eabi/15.1.0/../../../../arm-none-eabi/lib/armv6k/fpu\libsysbase.a(libsysbase_libsysbase_a-kill.o)
                0x0011c8f8                _kill_r
 .text._lseek_r
                0x0011c90c       0x94 C:/devkitPro/devkitARM/bin/../lib/gcc/arm-none-eabi/15.1.0/../../../../arm-none-eabi/lib/armv6k/fpu\libsysbase.a(libsysbase_libsysbase_a-lseek.o)
                0x0011c90c                _lseek_r
 .text._open_r  0x0011c9a0       0xc0 C:/devkitPro/devkitARM/bin/../lib/gcc/arm-none-eabi/15.1.0/../../../../arm-none-eabi/lib/armv6k/fpu\libsysbase.a(libsysbase_libsysbase_a-open.o)
                0x0011c9a0                _open_r
 .text._read_r  0x0011ca60       0x94 C:/devkitPro/devkitARM/bin/../lib/gcc/arm-none-eabi/15.1.0/../../../../arm-none-eabi/lib/armv6k/fpu\libsysbase.a(libsysbase_libsysbase_a-read.o)
                0x0011ca60                _read_r
 .text._sbrk_r  0x0011caf4       0x78 C:/devkitPro/devkitARM/bin/../lib/gcc/arm-none-eabi/15.1.0/../../../../arm-none-eabi/lib/armv6k/fpu\libsysbase.a(libsysbase_libsysbase_a-sbrk.o)
                0x0011caf4                _sbrk_r
 .text.__libc_lock_acquire
                0x0011cb6c       0x1c C:/devkitPro/devkitARM/bin/../lib/gcc/arm-none-eabi/15.1.0/../../../../arm-none-eabi/lib/armv6k/fpu\libsysbase.a(libsysbase_libsysbase_a-syscall_support.o)
                0x0011cb6c                __libc_lock_acquire
 .text.__libc_lock_release
                0x0011cb88       0x1c C:/devkitPro/devkitARM/bin/../lib/gcc/arm-none-eabi/15.1.0/../../../../arm-none-eabi/lib/armv6k/fpu\libsysbase.a(libsysbase_libsysbase_a-syscall_support.o)
                0x0011cb88                __libc_lock_release
 .text.__libc_lock_acquire_recursive
                0x0011cba4       0x1c C:/devkitPro/devkitARM/bin/../lib/gcc/arm-none-eabi/15.1.0/../../../../arm-none-eabi/lib/armv6k/fpu\libsysbase.a(libsysbase_libsysbase_a-syscall_support.o)
                0x0011cba4                __libc_lock_acquire_recursive
 .text.__libc_lock_release_recursive
                0x0011cbc0       0x1c C:/devkitPro/devkitARM/bin/../lib/gcc/arm-none-eabi/15.1.0/../../../../arm-none-eabi/lib/armv6k/fpu\libsysbase.a(libsysbase_libsysbase_a-syscall_support.o)
                0x0011cbc0                __libc_lock_release_recursive
 .text._write_r
                0x0011cbdc       0x94 C:/devkitPro/devkitARM/bin/../lib/gcc/arm-none-eabi/15.1.0/../../../../arm-none-eabi/lib/armv6k/fpu\libsysbase.a(libsysbase_libsysbase_a-write.o)
                0x0011cbdc                _write_r
 .text.strrchr  0x0011cc70       0x48 C:/devkitPro/devkitARM/bin/../lib/gcc/arm-none-eabi/15.1.0/../../../../arm-none-eabi/lib/armv6k/fpu\libg.a(libc_a-strrchr.o)
                0x0011cc70                strrchr
 *(.glue_7)
 .glue_7        0x0011ccb8        0x0 linker stubs
 *(.glue_7t)
 .glue_7t       0x0011ccb8        0x0 linker stubs
 *(.stub)
 *(.gnu.warning)
 *(.gnu.linkonce.t*)
                0x0011ccb8                        . = ALIGN (0x4)
 *(.fini)
 .fini          0x0011ccb8        0xc C:/devkitPro/devkitARM/bin/../lib/gcc/arm-none-eabi/15.1.0/armv6k/fpu/crti.o
                0x0011ccb8                _fini
 .fini          0x0011ccc4        0xc C:/devkitPro/devkitARM/bin/../lib/gcc/arm-none-eabi/15.1.0/armv6k/fpu/crtn.o
                0x0011ccd0                        . = ALIGN (0x4)

.vfp11_veneer   0x0011ccd0        0x0
 .vfp11_veneer  0x0011ccd0        0x0 linker stubs

.v4_bx          0x0011ccd0        0x0
 .v4_bx         0x0011ccd0        0x0 linker stubs

.iplt           0x0011ccd0        0x0
 .iplt          0x0011ccd0        0x0 C:/devkitPro/devkitARM/bin/../lib/gcc/arm-none-eabi/15.1.0/../../../../arm-none-eabi/lib/armv6k/fpu/3dsx_crt0.o
                0x0011d000                        . = ALIGN (0x1000)

.rodata         0x0011d000     0x4498
 *(.rodata)
 .rodata        0x0011d000      0x285 main.o
 *fill*         0x0011d285        0x3 
 .rodata        0x0011d288        0xc C:/devkitPro/libctru/lib\libctru.a(archive_dev.o)
 *(.roda)
 *(.rodata.*)
 .rodata.str1.4
                0x0011d294      0x37b main.o
                                0x14f (size before relaxing)
 .rodata.aptEventHandler
                0x0011d60f        0xb C:/devkitPro/libctru/lib\libctru.a(apt.o)
 .rodata.aptWaitForWakeUp.isra.0
                0x0011d61a       0x11 C:/devkitPro/libctru/lib\libctru.a(apt.o)
 *fill*         0x0011d62b        0x1 
 .rodata.morton_y.2
                0x0011d62c        0x8 C:/devkitPro/libctru/lib\libctru.a(apt.o)
 .rodata.morton_x.3
                0x0011d634        0x8 C:/devkitPro/libctru/lib\libctru.a(apt.o)
 .rodata.s_sleepWakeEvents.4
                0x0011d63c        0x8 C:/devkitPro/libctru/lib\libctru.a(apt.o)
 .rodata.str1.4
                0x0011d644       0x16 C:/devkitPro/libctru/lib\libctru.a(apt.o)
 .rodata.serviceNameTable.5
                0x0011d644        0xc C:/devkitPro/libctru/lib\libctru.a(apt.o)
 .rodata.gspInit.str1.4
                0x0011d650        0x9 C:/devkitPro/libctru/lib\libctru.a(gspgpu.o)
 .rodata.hidInit.str1.4
                0x0011d650       0x15 C:/devkitPro/libctru/lib\libctru.a(hid.o)
 .rodata.irrstInit.str1.4
                0x0011d650        0x7 C:/devkitPro/libctru/lib\libctru.a(irrst.o)
 .rodata.__system_initArgv.str1.4
                0x0011d650        0xa C:/devkitPro/libctru/lib\libctru.a(initArgv.o)
 .rodata.srvInit.str1.4
                0x0011d650        0x5 C:/devkitPro/libctru/lib\libctru.a(srv.o)
 .rodata.ptmSysmInit.str1.4
                0x0011d650        0x9 C:/devkitPro/libctru/lib\libctru.a(ptmsysm.o)
 .rodata.archive_utf16path.str1.4
                0x0011d650        0x2 C:/devkitPro/libctru/lib\libctru.a(archive_dev.o)
 .rodata._archiveUnmountDeviceStruct.part.0.str1.4
                0x0011d650        0x2 C:/devkitPro/libctru/lib\libctru.a(archive_dev.o)
 .rodata._archiveMountDevice.str1.4
                0x0011d650        0xc C:/devkitPro/libctru/lib\libctru.a(archive_dev.o)
 .rodata.archiveMountSdmc.str1.4
                0x0011d650        0x5 C:/devkitPro/libctru/lib\libctru.a(archive_dev.o)
 .rodata.error_table
                0x0011d650       0x30 C:/devkitPro/libctru/lib\libctru.a(archive_dev.o)
 .rodata.str1.4
                0x0011d680        0x8 C:/devkitPro/libctru/lib\libctru.a(archive_dev.o)
 .rodata.archive_devoptab
                0x0011d680       0x80 C:/devkitPro/libctru/lib\libctru.a(archive_dev.o)
 .rodata.fsInit.str1.4
                0x0011d700        0x8 C:/devkitPro/libctru/lib\libctru.a(fs.o)
 .rodata.get_arg
                0x0011d700       0x34 C:/devkitPro/devkitARM/bin/../lib/gcc/arm-none-eabi/15.1.0/../../../../arm-none-eabi/lib/armv6k/fpu\libg.a(libc_a-svfprintf.o)
 .rodata._svfprintf_r.str1.1
                0x0011d734       0x3b C:/devkitPro/devkitARM/bin/../lib/gcc/arm-none-eabi/15.1.0/../../../../arm-none-eabi/lib/armv6k/fpu\libg.a(libc_a-svfprintf.o)
 *fill*         0x0011d76f        0x1 
 .rodata._svfprintf_r
                0x0011d770       0xb6 C:/devkitPro/devkitARM/bin/../lib/gcc/arm-none-eabi/15.1.0/../../../../arm-none-eabi/lib/armv6k/fpu\libg.a(libc_a-svfprintf.o)
 *fill*         0x0011d826        0x2 
 .rodata.zeroes.0
                0x0011d828       0x10 C:/devkitPro/devkitARM/bin/../lib/gcc/arm-none-eabi/15.1.0/../../../../arm-none-eabi/lib/armv6k/fpu\libg.a(libc_a-svfprintf.o)
 .rodata.blanks.1
                0x0011d838       0x10 C:/devkitPro/devkitARM/bin/../lib/gcc/arm-none-eabi/15.1.0/../../../../arm-none-eabi/lib/armv6k/fpu\libg.a(libc_a-svfprintf.o)
 .rodata._ctype_
                0x0011d848      0x101 C:/devkitPro/devkitARM/bin/../lib/gcc/arm-none-eabi/15.1.0/../../../../arm-none-eabi/lib/armv6k/fpu\libg.a(libc_a-ctype_.o)
                0x0011d848                _ctype_
 *fill*         0x0011d949        0x3 
 .rodata.__action_table
                0x0011d94c       0x6c C:/devkitPro/devkitARM/bin/../lib/gcc/arm-none-eabi/15.1.0/../../../../arm-none-eabi/lib/armv6k/fpu\libg.a(libc_a-svfiprintf.o)
                0x0011d94c                __action_table
 .rodata.__state_table
                0x0011d9b8       0x6c C:/devkitPro/devkitARM/bin/../lib/gcc/arm-none-eabi/15.1.0/../../../../arm-none-eabi/lib/armv6k/fpu\libg.a(libc_a-svfiprintf.o)
                0x0011d9b8                __state_table
 .rodata.__chclass
                0x0011da24      0x100 C:/devkitPro/devkitARM/bin/../lib/gcc/arm-none-eabi/15.1.0/../../../../arm-none-eabi/lib/armv6k/fpu\libg.a(libc_a-svfiprintf.o)
                0x0011da24                __chclass
 .rodata.str1.4
                0x0011db24       0x4c C:/devkitPro/devkitARM/bin/../lib/gcc/arm-none-eabi/15.1.0/../../../../arm-none-eabi/lib/armv6k/fpu\libg.a(libc_a-locale.o)
 .rodata._dtoa_r.str1.4
                0x0011db24       0x6a C:/devkitPro/devkitARM/bin/../lib/gcc/arm-none-eabi/15.1.0/../../../../arm-none-eabi/lib/armv6k/fpu\libg.a(libc_a-dtoa.o)
 .rodata._dtoa_r
                0x0011db24        0x8 C:/devkitPro/devkitARM/bin/../lib/gcc/arm-none-eabi/15.1.0/../../../../arm-none-eabi/lib/armv6k/fpu\libg.a(libc_a-dtoa.o)
 .rodata.str1.4
                0x0011db2c        0x4 C:/devkitPro/devkitARM/bin/../lib/gcc/arm-none-eabi/15.1.0/../../../../arm-none-eabi/lib/armv6k/fpu\libg.a(libc_a-tzvars.o)
 .rodata.__assert_func.str1.4
                0x0011db2c       0x43 C:/devkitPro/devkitARM/bin/../lib/gcc/arm-none-eabi/15.1.0/../../../../arm-none-eabi/lib/armv6k/fpu\libg.a(libc_a-assert.o)
 .rodata.__multadd.str1.4
                0x0011db2c       0x57 C:/devkitPro/devkitARM/bin/../lib/gcc/arm-none-eabi/15.1.0/../../../../arm-none-eabi/lib/armv6k/fpu\libg.a(libc_a-mprec.o)
 .rodata.p05.0  0x0011db2c        0xc C:/devkitPro/devkitARM/bin/../lib/gcc/arm-none-eabi/15.1.0/../../../../arm-none-eabi/lib/armv6k/fpu\libg.a(libc_a-mprec.o)
 .rodata.__mprec_bigtens
                0x0011db38       0x28 C:/devkitPro/devkitARM/bin/../lib/gcc/arm-none-eabi/15.1.0/../../../../arm-none-eabi/lib/armv6k/fpu\libg.a(libc_a-mprec.o)
                0x0011db38                __mprec_bigtens
 .rodata.__mprec_tens
                0x0011db60       0xc8 C:/devkitPro/devkitARM/bin/../lib/gcc/arm-none-eabi/15.1.0/../../../../arm-none-eabi/lib/armv6k/fpu\libg.a(libc_a-mprec.o)
                0x0011db60                __mprec_tens
 .rodata.__month_lengths
                0x0011dc28       0x60 C:/devkitPro/devkitARM/bin/../lib/gcc/arm-none-eabi/15.1.0/../../../../arm-none-eabi/lib/armv6k/fpu\libg.a(libc_a-month_lengths.o)
                0x0011dc28                __month_lengths
 .rodata._tzset_unlocked_r.str1.4
                0x0011dc88       0x6b C:/devkitPro/devkitARM/bin/../lib/gcc/arm-none-eabi/15.1.0/../../../../arm-none-eabi/lib/armv6k/fpu\libg.a(libc_a-tzset_r.o)
 .rodata.get_arg
                0x0011dc88       0x34 C:/devkitPro/devkitARM/bin/../lib/gcc/arm-none-eabi/15.1.0/../../../../arm-none-eabi/lib/armv6k/fpu\libg.a(libc_a-vfiprintf.o)
 .rodata._vfiprintf_r.str1.1
                0x0011dcbc       0x29 C:/devkitPro/devkitARM/bin/../lib/gcc/arm-none-eabi/15.1.0/../../../../arm-none-eabi/lib/armv6k/fpu\libg.a(libc_a-vfiprintf.o)
 .rodata._vfiprintf_r
                0x0011dcbc       0xb6 C:/devkitPro/devkitARM/bin/../lib/gcc/arm-none-eabi/15.1.0/../../../../arm-none-eabi/lib/armv6k/fpu\libg.a(libc_a-vfiprintf.o)
 *fill*         0x0011dd72        0x2 
 .rodata.zeroes.0
                0x0011dd74       0x10 C:/devkitPro/devkitARM/bin/../lib/gcc/arm-none-eabi/15.1.0/../../../../arm-none-eabi/lib/armv6k/fpu\libg.a(libc_a-vfiprintf.o)
 .rodata.blanks.1
                0x0011dd84       0x10 C:/devkitPro/devkitARM/bin/../lib/gcc/arm-none-eabi/15.1.0/../../../../arm-none-eabi/lib/armv6k/fpu\libg.a(libc_a-vfiprintf.o)
 .rodata.__ssvfiscanf_r
                0x0011dd94       0x7f C:/devkitPro/devkitARM/bin/../lib/gcc/arm-none-eabi/15.1.0/../../../../arm-none-eabi/lib/armv6k/fpu\libg.a(libc_a-svfiscanf.o)
 *fill*         0x0011de13        0x1 
 .rodata.basefix.0
                0x0011de14       0x22 C:/devkitPro/devkitARM/bin/../lib/gcc/arm-none-eabi/15.1.0/../../../../arm-none-eabi/lib/armv6k/fpu\libg.a(libc_a-svfiscanf.o)
 .rodata._mbrtowc_r.str1.4
                0x0011de36        0x1 C:/devkitPro/devkitARM/bin/../lib/gcc/arm-none-eabi/15.1.0/../../../../arm-none-eabi/lib/armv6k/fpu\libg.a(libc_a-mbrtowc.o)
 *fill*         0x0011de36        0x2 
 .rodata.categories
                0x0011de38     0x35dc C:/devkitPro/devkitARM/bin/../lib/gcc/arm-none-eabi/15.1.0/../../../../arm-none-eabi/lib/armv6k/fpu\libg.a(libc_a-categories.o)
 .rodata.AddDevice.str1.4
                0x00121414        0x8 C:/devkitPro/devkitARM/bin/../lib/gcc/arm-none-eabi/15.1.0/../../../../arm-none-eabi/lib/armv6k/fpu\libsysbase.a(libsysbase_libsysbase_a-iosupport.o)
 .rodata.dotab_stdnull
                0x00121414       0x80 C:/devkitPro/devkitARM/bin/../lib/gcc/arm-none-eabi/15.1.0/../../../../arm-none-eabi/lib/armv6k/fpu\libsysbase.a(libsysbase_libsysbase_a-iosupport.o)
                0x00121414                dotab_stdnull
 *all.rodata*(*)
 *(.gnu.linkonce.r*)
                0x00121494                        . = ALIGN (0x4)
                0x00121494                        __tdata_align = .
                0x00121494        0x4 LONG 0x4 ALIGNOF (.tdata)
                0x00121498                        . = ALIGN (0x4)

.eh_frame       0x00121498        0x0
 .eh_frame      0x00121498        0x0 C:/devkitPro/devkitARM/bin/../lib/gcc/arm-none-eabi/15.1.0/armv6k/fpu/crtbegin.o

.rel.dyn        0x00121498        0x0
 .rel.iplt      0x00121498        0x0 C:/devkitPro/devkitARM/bin/../lib/gcc/arm-none-eabi/15.1.0/../../../../arm-none-eabi/lib/armv6k/fpu/3dsx_crt0.o
 .rel.got       0x00121498        0x0 C:/devkitPro/devkitARM/bin/../lib/gcc/arm-none-eabi/15.1.0/../../../../arm-none-eabi/lib/armv6k/fpu/3dsx_crt0.o

.ARM.extab
 *(.ARM.extab* .gnu.linkonce.armextab.*)
                0x00121498                        __exidx_start = .

.ARM.exidx
 *(.ARM.exidx* .gnu.linkonce.armexidx.*)
                0x00121498                        __exidx_end = .
                0x00122000                        . = ALIGN (0x1000)

.data           0x00122000     0x1c24
 *(.data)
 .data          0x00122000       0x24 main.o
                0x00122000                rainbowColors
                0x00122012                currentMode
                0x00122013                showInstructions
                0x00122014                numColors
                0x00122018                depthOffset
                0x0012201c                prevTouchX
                0x00122020                prevTouchY
 *(.data.*)
 .data.aptChainloadDeliverArgSize
                0x00122024        0x4 C:/devkitPro/libctru/lib\libctru.a(apt.o)
 .data.kCount   0x00122028        0x4 C:/devkitPro/libctru/lib\libctru.a(hid.o)
 .data.kInterval
                0x0012202c        0x4 C:/devkitPro/libctru/lib\libctru.a(hid.o)
 .data.kDelay   0x00122030        0x4 C:/devkitPro/libctru/lib\libctru.a(hid.o)
 .data.__stacksize__
                0x00122034        0x4 C:/devkitPro/libctru/lib\libctru.a(stack_adjust.o)
                0x00122034                __stacksize__
 .data.__sglue  0x00122038        0xc C:/devkitPro/devkitARM/bin/../lib/gcc/arm-none-eabi/15.1.0/../../../../arm-none-eabi/lib/armv6k/fpu\libg.a(libc_a-findfp.o)
                0x00122038                __sglue
 .data.__malloc_sbrk_base
                0x00122044        0x4 C:/devkitPro/devkitARM/bin/../lib/gcc/arm-none-eabi/15.1.0/../../../../arm-none-eabi/lib/armv6k/fpu\libg.a(libc_a-mallocr.o)
                0x00122044                __malloc_sbrk_base
 .data.__malloc_trim_threshold
                0x00122048        0x4 C:/devkitPro/devkitARM/bin/../lib/gcc/arm-none-eabi/15.1.0/../../../../arm-none-eabi/lib/armv6k/fpu\libg.a(libc_a-mallocr.o)
                0x00122048                __malloc_trim_threshold
 *fill*         0x0012204c        0x4 
 .data.__malloc_av_
                0x00122050      0x408 C:/devkitPro/devkitARM/bin/../lib/gcc/arm-none-eabi/15.1.0/../../../../arm-none-eabi/lib/armv6k/fpu\libg.a(libc_a-mallocr.o)
                0x00122050                __malloc_av_
 .data._impure_ptr
                0x00122458        0x4 C:/devkitPro/devkitARM/bin/../lib/gcc/arm-none-eabi/15.1.0/../../../../arm-none-eabi/lib/armv6k/fpu\libg.a(libc_a-impure.o)
                0x00122458                _impure_ptr
 *fill*         0x0012245c        0x4 
 .data._impure_data
                0x00122460      0x140 C:/devkitPro/devkitARM/bin/../lib/gcc/arm-none-eabi/15.1.0/../../../../arm-none-eabi/lib/armv6k/fpu\libg.a(libc_a-impure.o)
                0x00122460                _impure_data
 .data.__global_locale
                0x001225a0      0x16c C:/devkitPro/devkitARM/bin/../lib/gcc/arm-none-eabi/15.1.0/../../../../arm-none-eabi/lib/armv6k/fpu\libg.a(libc_a-locale.o)
                0x001225a0                __global_locale
 .data._tzname  0x0012270c        0x8 C:/devkitPro/devkitARM/bin/../lib/gcc/arm-none-eabi/15.1.0/../../../../arm-none-eabi/lib/armv6k/fpu\libg.a(libc_a-tzvars.o)
                0x0012270c                _tzname
 .data.environ  0x00122714        0x4 C:/devkitPro/devkitARM/bin/../lib/gcc/arm-none-eabi/15.1.0/../../../../arm-none-eabi/lib/armv6k/fpu\libg.a(libc_a-environ.o)
                0x00122714                environ
 .data.tzinfo   0x00122718       0x58 C:/devkitPro/devkitARM/bin/../lib/gcc/arm-none-eabi/15.1.0/../../../../arm-none-eabi/lib/armv6k/fpu\libg.a(libc_a-gettzinfo.o)
 .data._current_working_directory
                0x00122770      0x400 C:/devkitPro/devkitARM/bin/../lib/gcc/arm-none-eabi/15.1.0/../../../../arm-none-eabi/lib/armv6k/fpu\libsysbase.a(libsysbase_libsysbase_a-chdir.o)
 .data.handles  0x00122b70     0x1000 C:/devkitPro/devkitARM/bin/../lib/gcc/arm-none-eabi/15.1.0/../../../../arm-none-eabi/lib/armv6k/fpu\libsysbase.a(libsysbase_libsysbase_a-handle_manager.o)
 .data.__stderr_handle
                0x00123b70        0xc C:/devkitPro/devkitARM/bin/../lib/gcc/arm-none-eabi/15.1.0/../../../../arm-none-eabi/lib/armv6k/fpu\libsysbase.a(libsysbase_libsysbase_a-handle_manager.o)
 .data.__stdout_handle
                0x00123b7c        0xc C:/devkitPro/devkitARM/bin/../lib/gcc/arm-none-eabi/15.1.0/../../../../arm-none-eabi/lib/armv6k/fpu\libsysbase.a(libsysbase_libsysbase_a-handle_manager.o)
 .data.__stdin_handle
                0x00123b88        0xc C:/devkitPro/devkitARM/bin/../lib/gcc/arm-none-eabi/15.1.0/../../../../arm-none-eabi/lib/armv6k/fpu\libsysbase.a(libsysbase_libsysbase_a-handle_manager.o)
 .data.devoptab_list
                0x00123b94       0x8c C:/devkitPro/devkitARM/bin/../lib/gcc/arm-none-eabi/15.1.0/../../../../arm-none-eabi/lib/armv6k/fpu\libsysbase.a(libsysbase_libsysbase_a-iosupport.o)
                0x00123b94                devoptab_list
 .data.defaultDevice
                0x00123c20        0x4 C:/devkitPro/devkitARM/bin/../lib/gcc/arm-none-eabi/15.1.0/../../../../arm-none-eabi/lib/armv6k/fpu\libsysbase.a(libsysbase_libsysbase_a-iosupport.o)
 *(.gnu.linkonce.d*)
                0x00123c24                        . = ALIGN (0x4)

.igot.plt       0x00123c24        0x0
 .igot.plt      0x00123c24        0x0 C:/devkitPro/devkitARM/bin/../lib/gcc/arm-none-eabi/15.1.0/../../../../arm-none-eabi/lib/armv6k/fpu/3dsx_crt0.o

.got            0x00123c24        0x8
 .got           0x00123c24        0x8 C:/devkitPro/devkitARM/bin/../lib/gcc/arm-none-eabi/15.1.0/../../../../arm-none-eabi/lib/armv6k/fpu/3dsx_crt0.o

.got.plt        0x00123c2c        0xc
 .got.plt       0x00123c2c        0xc C:/devkitPro/devkitARM/bin/../lib/gcc/arm-none-eabi/15.1.0/../../../../arm-none-eabi/lib/armv6k/fpu/3dsx_crt0.o
                0x00123c2c                _GLOBAL_OFFSET_TABLE_

.tdata          0x00123c38        0x0
                0x00123c38                        __tdata_lma = .
 *(.tdata)
 *(.tdata.*)
 *(.gnu.linkonce.td.*)
                0x00123c38                        . = ALIGN (0x4)
                0x00123c38                        __tdata_lma_end = .

.tbss           0x00123c38      0xc08
 *(.tbss)
 *(.tbss.*)
 .tbss.__ctru_dev_utf16_buf
                0x00123c38      0x802 C:/devkitPro/libctru/lib\libctru.a(path_buf.o)
                0x00123c38                __ctru_dev_utf16_buf
 *fill*         0x0012443a        0x2 
 .tbss.__ctru_dev_path_buf
                0x0012443c      0x401 C:/devkitPro/libctru/lib\libctru.a(path_buf.o)
                0x0012443c                __ctru_dev_path_buf
 *(.gnu.linkonce.tb.*)
 *(.tcommon)
                0x00124840                        . = ALIGN (0x4)
 *fill*         0x0012483d        0x3 

.preinit_array  0x00123c38        0x0
                0x00123c38                        PROVIDE (__preinit_array_start = .)
 *(.preinit_array)
                0x00123c38                        PROVIDE (__preinit_array_end = .)

.init_array     0x00123c38        0x4
                0x00123c38                        PROVIDE (__init_array_start = .)
 *(SORT_BY_NAME(.init_array.*))
 *(.init_array)
 .init_array    0x00123c38        0x4 C:/devkitPro/devkitARM/bin/../lib/gcc/arm-none-eabi/15.1.0/armv6k/fpu/crtbegin.o
                0x00123c3c                        PROVIDE (__init_array_end = .)

.fini_array     0x00123c3c        0x4
                0x00123c3c                        PROVIDE (__fini_array_start = .)
 *(.fini_array)
 .fini_array    0x00123c3c        0x4 C:/devkitPro/devkitARM/bin/../lib/gcc/arm-none-eabi/15.1.0/armv6k/fpu/crtbegin.o
 *(SORT_BY_NAME(.fini_array.*))
                0x00123c40                        PROVIDE (__fini_array_end = .)

.ctors
 *crtbegin.o(.ctors)
 *(EXCLUDE_FILE(*crtend.o) .ctors)
 *(SORT_BY_NAME(.ctors.*))
 *(.ctors)

.dtors
 *crtbegin.o(.dtors)
 *(EXCLUDE_FILE(*crtend.o) .dtors)
 *(SORT_BY_NAME(.dtors.*))
 *(.dtors)
                0x00123c40                        __bss_start__ = .

.bss            0x00123c40   0x3741c4
 *(.dynbss)
 *(.bss)
 .bss           0x00123c40   0x371410 main.o
                0x00123c40                currentBrushShape
                0x00123c44                undoTop
                0x00123c48                redoTop
                0x00123c4c                currentColorIndex
                0x00123c50                redoStack
                0x0029ac50                undoStack